###############################################################################
#
# IAR ELF Linker V8.40.2.214/W32 for ARM                  19/Aug/2021  11:55:20
# Copyright 2007-2019 IAR Systems AB.
#
#    Output file  =
#        D:\Kicads
#        Schem\GP2Y0A02YK0F\f303C_sens\EWARM\f303C_sens\Exe\f303C_sens.out
#    Map file     =
#        D:\Kicads
#        Schem\GP2Y0A02YK0F\f303C_sens\EWARM\f303C_sens\List\f303C_sens.map
#    Command line =
#        -f C:\Users\Sergey\AppData\Local\Temp\EWF623.tmp ("D:\Kicads
#        Schem\GP2Y0A02YK0F\f303C_sens\EWARM\f303C_sens\Obj\adc.o" "D:\Kicads
#        Schem\GP2Y0A02YK0F\f303C_sens\EWARM\f303C_sens\Obj\cmsis_os.o"
#        "D:\Kicads
#        Schem\GP2Y0A02YK0F\f303C_sens\EWARM\f303C_sens\Obj\croutine.o"
#        "D:\Kicads Schem\GP2Y0A02YK0F\f303C_sens\EWARM\f303C_sens\Obj\dma.o"
#        "D:\Kicads
#        Schem\GP2Y0A02YK0F\f303C_sens\EWARM\f303C_sens\Obj\event_groups.o"
#        "D:\Kicads
#        Schem\GP2Y0A02YK0F\f303C_sens\EWARM\f303C_sens\Obj\filter_sma.o"
#        "D:\Kicads
#        Schem\GP2Y0A02YK0F\f303C_sens\EWARM\f303C_sens\Obj\flash_user.o"
#        "D:\Kicads
#        Schem\GP2Y0A02YK0F\f303C_sens\EWARM\f303C_sens\Obj\freertos.o"
#        "D:\Kicads Schem\GP2Y0A02YK0F\f303C_sens\EWARM\f303C_sens\Obj\gpio.o"
#        "D:\Kicads
#        Schem\GP2Y0A02YK0F\f303C_sens\EWARM\f303C_sens\Obj\heap_4.o"
#        "D:\Kicads Schem\GP2Y0A02YK0F\f303C_sens\EWARM\f303C_sens\Obj\list.o"
#        "D:\Kicads Schem\GP2Y0A02YK0F\f303C_sens\EWARM\f303C_sens\Obj\main.o"
#        "D:\Kicads Schem\GP2Y0A02YK0F\f303C_sens\EWARM\f303C_sens\Obj\mb.o"
#        "D:\Kicads Schem\GP2Y0A02YK0F\f303C_sens\EWARM\f303C_sens\Obj\mbcrc.o"
#        "D:\Kicads
#        Schem\GP2Y0A02YK0F\f303C_sens\EWARM\f303C_sens\Obj\mbfunccoils.o"
#        "D:\Kicads
#        Schem\GP2Y0A02YK0F\f303C_sens\EWARM\f303C_sens\Obj\mbfuncdiag.o"
#        "D:\Kicads
#        Schem\GP2Y0A02YK0F\f303C_sens\EWARM\f303C_sens\Obj\mbfuncdisc.o"
#        "D:\Kicads
#        Schem\GP2Y0A02YK0F\f303C_sens\EWARM\f303C_sens\Obj\mbfuncholding.o"
#        "D:\Kicads
#        Schem\GP2Y0A02YK0F\f303C_sens\EWARM\f303C_sens\Obj\mbfuncinput.o"
#        "D:\Kicads
#        Schem\GP2Y0A02YK0F\f303C_sens\EWARM\f303C_sens\Obj\mbfuncother.o"
#        "D:\Kicads Schem\GP2Y0A02YK0F\f303C_sens\EWARM\f303C_sens\Obj\mbrtu.o"
#        "D:\Kicads
#        Schem\GP2Y0A02YK0F\f303C_sens\EWARM\f303C_sens\Obj\mbutils.o"
#        "D:\Kicads Schem\GP2Y0A02YK0F\f303C_sens\EWARM\f303C_sens\Obj\port.o"
#        "D:\Kicads
#        Schem\GP2Y0A02YK0F\f303C_sens\EWARM\f303C_sens\Obj\portasm.o"
#        "D:\Kicads
#        Schem\GP2Y0A02YK0F\f303C_sens\EWARM\f303C_sens\Obj\portevent.o"
#        "D:\Kicads
#        Schem\GP2Y0A02YK0F\f303C_sens\EWARM\f303C_sens\Obj\portserial.o"
#        "D:\Kicads
#        Schem\GP2Y0A02YK0F\f303C_sens\EWARM\f303C_sens\Obj\porttimer.o"
#        "D:\Kicads Schem\GP2Y0A02YK0F\f303C_sens\EWARM\f303C_sens\Obj\queue.o"
#        "D:\Kicads
#        Schem\GP2Y0A02YK0F\f303C_sens\EWARM\f303C_sens\Obj\sensor.o"
#        "D:\Kicads Schem\GP2Y0A02YK0F\f303C_sens\EWARM\f303C_sens\Obj\spi.o"
#        "D:\Kicads
#        Schem\GP2Y0A02YK0F\f303C_sens\EWARM\f303C_sens\Obj\startup_stm32f303xc.o"
#        "D:\Kicads
#        Schem\GP2Y0A02YK0F\f303C_sens\EWARM\f303C_sens\Obj\stm32f3xx_hal.o"
#        "D:\Kicads
#        Schem\GP2Y0A02YK0F\f303C_sens\EWARM\f303C_sens\Obj\stm32f3xx_hal_adc.o"
#        "D:\Kicads
#        Schem\GP2Y0A02YK0F\f303C_sens\EWARM\f303C_sens\Obj\stm32f3xx_hal_adc_ex.o"
#        "D:\Kicads
#        Schem\GP2Y0A02YK0F\f303C_sens\EWARM\f303C_sens\Obj\stm32f3xx_hal_cortex.o"
#        "D:\Kicads
#        Schem\GP2Y0A02YK0F\f303C_sens\EWARM\f303C_sens\Obj\stm32f3xx_hal_dma.o"
#        "D:\Kicads
#        Schem\GP2Y0A02YK0F\f303C_sens\EWARM\f303C_sens\Obj\stm32f3xx_hal_exti.o"
#        "D:\Kicads
#        Schem\GP2Y0A02YK0F\f303C_sens\EWARM\f303C_sens\Obj\stm32f3xx_hal_flash.o"
#        "D:\Kicads
#        Schem\GP2Y0A02YK0F\f303C_sens\EWARM\f303C_sens\Obj\stm32f3xx_hal_flash_ex.o"
#        "D:\Kicads
#        Schem\GP2Y0A02YK0F\f303C_sens\EWARM\f303C_sens\Obj\stm32f3xx_hal_gpio.o"
#        "D:\Kicads
#        Schem\GP2Y0A02YK0F\f303C_sens\EWARM\f303C_sens\Obj\stm32f3xx_hal_i2c.o"
#        "D:\Kicads
#        Schem\GP2Y0A02YK0F\f303C_sens\EWARM\f303C_sens\Obj\stm32f3xx_hal_i2c_ex.o"
#        "D:\Kicads
#        Schem\GP2Y0A02YK0F\f303C_sens\EWARM\f303C_sens\Obj\stm32f3xx_hal_msp.o"
#        "D:\Kicads
#        Schem\GP2Y0A02YK0F\f303C_sens\EWARM\f303C_sens\Obj\stm32f3xx_hal_pwr.o"
#        "D:\Kicads
#        Schem\GP2Y0A02YK0F\f303C_sens\EWARM\f303C_sens\Obj\stm32f3xx_hal_pwr_ex.o"
#        "D:\Kicads
#        Schem\GP2Y0A02YK0F\f303C_sens\EWARM\f303C_sens\Obj\stm32f3xx_hal_rcc.o"
#        "D:\Kicads
#        Schem\GP2Y0A02YK0F\f303C_sens\EWARM\f303C_sens\Obj\stm32f3xx_hal_rcc_ex.o"
#        "D:\Kicads
#        Schem\GP2Y0A02YK0F\f303C_sens\EWARM\f303C_sens\Obj\stm32f3xx_hal_spi.o"
#        "D:\Kicads
#        Schem\GP2Y0A02YK0F\f303C_sens\EWARM\f303C_sens\Obj\stm32f3xx_hal_spi_ex.o"
#        "D:\Kicads
#        Schem\GP2Y0A02YK0F\f303C_sens\EWARM\f303C_sens\Obj\stm32f3xx_hal_tim.o"
#        "D:\Kicads
#        Schem\GP2Y0A02YK0F\f303C_sens\EWARM\f303C_sens\Obj\stm32f3xx_hal_tim_ex.o"
#        "D:\Kicads
#        Schem\GP2Y0A02YK0F\f303C_sens\EWARM\f303C_sens\Obj\stm32f3xx_hal_timebase_tim.o"
#        "D:\Kicads
#        Schem\GP2Y0A02YK0F\f303C_sens\EWARM\f303C_sens\Obj\stm32f3xx_hal_uart.o"
#        "D:\Kicads
#        Schem\GP2Y0A02YK0F\f303C_sens\EWARM\f303C_sens\Obj\stm32f3xx_hal_uart_ex.o"
#        "D:\Kicads
#        Schem\GP2Y0A02YK0F\f303C_sens\EWARM\f303C_sens\Obj\stm32f3xx_it.o"
#        "D:\Kicads
#        Schem\GP2Y0A02YK0F\f303C_sens\EWARM\f303C_sens\Obj\stream_buffer.o"
#        "D:\Kicads
#        Schem\GP2Y0A02YK0F\f303C_sens\EWARM\f303C_sens\Obj\system_stm32f3xx.o"
#        "D:\Kicads Schem\GP2Y0A02YK0F\f303C_sens\EWARM\f303C_sens\Obj\tasks.o"
#        "D:\Kicads Schem\GP2Y0A02YK0F\f303C_sens\EWARM\f303C_sens\Obj\tim.o"
#        "D:\Kicads
#        Schem\GP2Y0A02YK0F\f303C_sens\EWARM\f303C_sens\Obj\timers.o"
#        "D:\Kicads Schem\GP2Y0A02YK0F\f303C_sens\EWARM\f303C_sens\Obj\usart.o"
#        --redirect _Printf=_PrintfFull --redirect _Scanf=_ScanfFull
#        --no_out_extension -o "D:\Kicads
#        Schem\GP2Y0A02YK0F\f303C_sens\EWARM\f303C_sens\Exe\f303C_sens.out"
#        --map "D:\Kicads
#        Schem\GP2Y0A02YK0F\f303C_sens\EWARM\f303C_sens\List\f303C_sens.map"
#        --config "D:\Kicads
#        Schem\GP2Y0A02YK0F\f303C_sens\EWARM/stm32f303xc_flash.icf"
#        --semihosting --entry __iar_program_start --vfe --text_out locale)
#
###############################################################################

*******************************************************************************
*** RUNTIME MODEL ATTRIBUTES
***

CppFlavor                     = *
__CPP_Exceptions              = Disabled
__CPP_Language                = C++14
__SystemLibrary               = DLib
__dlib_dynamic_initialization = normal
__dlib_version                = 6


*******************************************************************************
*** HEAP SELECTION
***

The basic heap was selected because no calls to memory allocation
functions were found in the application outside of system library
functions, and there are calls to deallocation functions in the
application.


*******************************************************************************
*** PLACEMENT SUMMARY
***

"A0":  place at address 0x800'0000 { ro section .intvec };
"P1":  place in [from 0x800'0000 to 0x803'ffff] { ro };
define block CSTACK with size = 16K, alignment = 8 { };
define block HEAP with size = 8K, alignment = 8 { };
"P2":  place in [from 0x2000'0000 to 0x2000'9fff] {
          rw, block CSTACK, block HEAP };
initialize by copy { rw };

  Section                Kind         Address    Size  Object
  -------                ----         -------    ----  ------
"A0":                                           0x188
  .intvec                ro code   0x800'0000   0x188  startup_stm32f303xc.o [1]
                                 - 0x800'0188   0x188

"P1":                                          0x536c
  .text                  ro code   0x800'0188   0x908  stm32f3xx_hal_adc_ex.o [1]
  .text                  ro code   0x800'0a90   0x1c4  adc.o [1]
  .text                  ro code   0x800'0c54   0x268  stm32f3xx_hal_dma.o [1]
  .text                  ro code   0x800'0ebc   0x23c  freertos.o [1]
  .text                  ro code   0x800'10f8     0x2  stm32f3xx_hal_adc.o [1]
  .text                  ro code   0x800'10fa     0x2  stm32f3xx_hal_adc.o [1]
  .text                  ro code   0x800'10fc     0xc  stm32f3xx_hal.o [1]
  .text                  ro code   0x800'1108    0x14  memset.o [4]
  .text                  ro code   0x800'111c   0x102  main.o [1]
  .text                  ro code   0x800'121e    0x3a  zero_init3.o [4]
  .text                  ro code   0x800'1258   0x1c4  stm32f3xx_hal_gpio.o [1]
  .text                  ro code   0x800'141c    0x64  sensor.o [1]
  .text                  ro code   0x800'1480   0x15c  cmsis_os.o [1]
  .text                  ro code   0x800'15dc    0x18  ABImemcpy_small.o [4]
  .text                  ro code   0x800'15f4   0x630  stm32f3xx_hal_tim.o [1]
  .text                  ro code   0x800'1c24    0x68  filter_sma.o [1]
  .text                  ro code   0x800'1c8c   0x130  mb.o [1]
  .text                  ro code   0x800'1dbc    0xac  flash_user.o [1]
  .text                  ro code   0x800'1e68    0x12  ABImemset_small.o [4]
  .rodata                const     0x800'1e7a     0x1  unwind_debug.o [5]
  .text                  ro code   0x800'1e7c    0x24  stm32f3xx_hal.o [1]
  .text                  ro code   0x800'1ea0    0xb0  gpio.o [1]
  .text                  ro code   0x800'1f50    0x30  dma.o [1]
  .text                  ro code   0x800'1f80    0xb8  spi.o [1]
  .text                  ro code   0x800'2038    0xb4  usart.o [1]
  .text                  ro code   0x800'20ec   0x118  tim.o [1]
  .text                  ro code   0x800'2204   0x4f4  stm32f3xx_hal_rcc.o [1]
  .text                  ro code   0x800'26f8   0x1b4  stm32f3xx_hal_rcc_ex.o [1]
  .text                  ro code   0x800'28ac    0x10  stm32f3xx_hal.o [1]
  .text                  ro code   0x800'28bc   0x854  tasks.o [1]
  .text                  ro code   0x800'3110   0x5e4  queue.o [1]
  .text                  ro code   0x800'36f4     0x2  stm32f3xx_hal_tim.o [1]
  .text                  ro code   0x800'36f6     0x2  stm32f3xx_hal_tim.o [1]
  .text                  ro code   0x800'36f8     0x2  stm32f3xx_hal_tim_ex.o [1]
  .text                  ro code   0x800'36fa     0x2  stm32f3xx_hal_tim_ex.o [1]
  .text                  ro code   0x800'36fc     0x2  stm32f3xx_hal_tim.o [1]
  .text                  ro code   0x800'36fe     0x2  stm32f3xx_hal_tim_ex.o [1]
  .text                  ro code   0x800'3700     0x2  stm32f3xx_hal_tim.o [1]
  .text                  ro code   0x800'3704     0x6  ABImemclr.o [4]
  .text                  ro code   0x800'370c   0x280  mbrtu.o [1]
  .text                  ro code   0x800'398c    0x30  portevent.o [1]
  .text                  ro code   0x800'39bc    0x98  stm32f3xx_hal_cortex.o [1]
  .text                  ro code   0x800'3a54    0x78  stm32f3xx_hal_timebase_tim.o [1]
  .text                  ro code   0x800'3acc    0x3c  stm32f3xx_hal_msp.o [1]
  .text                  ro code   0x800'3b08    0xf4  stm32f3xx_hal_spi.o [1]
  .text                  ro code   0x800'3bfc    0x94  stm32f3xx_hal_uart_ex.o [1]
  .text                  ro code   0x800'3c90    0x8c  stm32f3xx_hal_tim_ex.o [1]
  .text                  ro code   0x800'3d1c   0x1b4  heap_4.o [1]
  .text                  ro code   0x800'3ed0    0x92  list.o [1]
  .text                  ro code   0x800'3f64   0x1f4  port.o [1]
  .text                  ro code   0x800'4158    0x94  portserial.o [1]
  .text                  ro code   0x800'41ec    0x6c  porttimer.o [1]
  .text                  ro code   0x800'4258    0x24  ABIassert.o [5]
  .text                  ro code   0x800'427c    0x30  mbcrc.o [1]
  .text                  ro code   0x800'42ac   0x784  stm32f3xx_hal_uart.o [1]
  CODE                   ro code   0x800'4a30    0xb0  portasm.o [1]
  .text                  ro code   0x800'4ae0     0x6  abort.o [2]
  .text                  ro code   0x800'4ae6     0x2  stm32f3xx_hal_uart.o [1]
  .text                  ro code   0x800'4ae8     0x2  stm32f3xx_hal_uart.o [1]
  .text                  ro code   0x800'4aea     0x2  stm32f3xx_hal_uart.o [1]
  .text                  ro code   0x800'4aec    0x14  exit.o [5]
  .rodata                const     0x800'4b00   0x200  mbcrc.o [1]
  .text                  ro code   0x800'4d00   0x182  mbfuncholding.o [1]
  .text                  ro code   0x800'4e84    0x18  mbutils.o [1]
  .text                  ro code   0x800'4e9c   0x126  mbfunccoils.o [1]
  .text                  ro code   0x800'4fc4    0xb4  stm32f3xx_it.o [1]
  .rodata                const     0x800'5078    0xac  mbrtu.o [1]
  .text                  ro code   0x800'5124    0x70  mbfuncdisc.o [1]
  .text                  ro code   0x800'5194    0x60  mbfuncinput.o [1]
  .text                  ro code   0x800'51f4    0x38  packbits_init_single.o [4]
  .text                  ro code   0x800'522c    0x28  data_init.o [4]
  .text                  ro code   0x800'5254    0x22  fpinit_M.o [3]
  .iar.init_table        const     0x800'5278    0x24  - Linker created -
  .text                  ro code   0x800'529c    0x20  mbfuncother.o [1]
  .text                  ro code   0x800'52bc    0x20  system_stm32f3xx.o [1]
  .text                  ro code   0x800'52dc    0x20  cmain_call_ctors.o [4]
  .text                  ro code   0x800'52fc    0x18  cppinit.o [2]
  .text                  ro code   0x800'5314    0x1e  cmain.o [4]
  .text                  ro code   0x800'5332     0x4  low_level_init.o [2]
  .text                  ro code   0x800'5336     0x4  exit.o [2]
  .text                  ro code   0x800'533c     0xa  cexit.o [4]
  .text                  ro code   0x800'5348    0x10  startup_stm32f303xc.o [1]
  .rodata                const     0x800'5358     0xc  freertos.o [1]
  .text                  ro code   0x800'5364     0xc  cstartup_M.o [4]
  .rodata                const     0x800'5370     0x8  freertos.o [1]
  .rodata                const     0x800'5378     0x8  system_stm32f3xx.o [1]
  .text                  ro code   0x800'5380     0x4  startup_stm32f303xc.o [1]
  .text                  ro code   0x800'5384     0x4  startup_stm32f303xc.o [1]
  .text                  ro code   0x800'5388     0x4  startup_stm32f303xc.o [1]
  .text                  ro code   0x800'538c     0x4  startup_stm32f303xc.o [1]
  .text                  ro code   0x800'5390     0x4  startup_stm32f303xc.o [1]
  .text                  ro code   0x800'5394     0x4  startup_stm32f303xc.o [1]
  .text                  ro code   0x800'5398     0x4  startup_stm32f303xc.o [1]
  .text                  ro code   0x800'539c     0x4  startup_stm32f303xc.o [1]
  .text                  ro code   0x800'53a0     0x4  startup_stm32f303xc.o [1]
  .text                  ro code   0x800'53a4     0x4  startup_stm32f303xc.o [1]
  .text                  ro code   0x800'53a8     0x4  startup_stm32f303xc.o [1]
  .text                  ro code   0x800'53ac     0x4  startup_stm32f303xc.o [1]
  .text                  ro code   0x800'53b0     0x4  startup_stm32f303xc.o [1]
  .text                  ro code   0x800'53b4     0x4  startup_stm32f303xc.o [1]
  .text                  ro code   0x800'53b8     0x4  startup_stm32f303xc.o [1]
  .text                  ro code   0x800'53bc     0x4  startup_stm32f303xc.o [1]
  .text                  ro code   0x800'53c0     0x4  startup_stm32f303xc.o [1]
  .text                  ro code   0x800'53c4     0x4  startup_stm32f303xc.o [1]
  .text                  ro code   0x800'53c8     0x4  startup_stm32f303xc.o [1]
  .text                  ro code   0x800'53cc     0x4  startup_stm32f303xc.o [1]
  .text                  ro code   0x800'53d0     0x4  startup_stm32f303xc.o [1]
  .text                  ro code   0x800'53d4     0x4  startup_stm32f303xc.o [1]
  .text                  ro code   0x800'53d8     0x4  startup_stm32f303xc.o [1]
  .text                  ro code   0x800'53dc     0x4  startup_stm32f303xc.o [1]
  .text                  ro code   0x800'53e0     0x4  startup_stm32f303xc.o [1]
  .text                  ro code   0x800'53e4     0x4  startup_stm32f303xc.o [1]
  .text                  ro code   0x800'53e8     0x4  startup_stm32f303xc.o [1]
  .text                  ro code   0x800'53ec     0x4  startup_stm32f303xc.o [1]
  .text                  ro code   0x800'53f0     0x4  startup_stm32f303xc.o [1]
  .text                  ro code   0x800'53f4     0x4  startup_stm32f303xc.o [1]
  .text                  ro code   0x800'53f8     0x4  startup_stm32f303xc.o [1]
  .text                  ro code   0x800'53fc     0x4  startup_stm32f303xc.o [1]
  .text                  ro code   0x800'5400     0x4  startup_stm32f303xc.o [1]
  .text                  ro code   0x800'5404     0x4  startup_stm32f303xc.o [1]
  .text                  ro code   0x800'5408     0x4  startup_stm32f303xc.o [1]
  .text                  ro code   0x800'540c     0x4  startup_stm32f303xc.o [1]
  .text                  ro code   0x800'5410     0x4  startup_stm32f303xc.o [1]
  .text                  ro code   0x800'5414     0x4  startup_stm32f303xc.o [1]
  .text                  ro code   0x800'5418     0x4  startup_stm32f303xc.o [1]
  .text                  ro code   0x800'541c     0x4  startup_stm32f303xc.o [1]
  .text                  ro code   0x800'5420     0x4  startup_stm32f303xc.o [1]
  .text                  ro code   0x800'5424     0x4  startup_stm32f303xc.o [1]
  .text                  ro code   0x800'5428     0x4  startup_stm32f303xc.o [1]
  .text                  ro code   0x800'542c     0x4  startup_stm32f303xc.o [1]
  .text                  ro code   0x800'5430     0x4  startup_stm32f303xc.o [1]
  .text                  ro code   0x800'5434     0x4  startup_stm32f303xc.o [1]
  .text                  ro code   0x800'5438     0x4  startup_stm32f303xc.o [1]
  .text                  ro code   0x800'543c     0x4  startup_stm32f303xc.o [1]
  .text                  ro code   0x800'5440     0x4  startup_stm32f303xc.o [1]
  .text                  ro code   0x800'5444     0x4  startup_stm32f303xc.o [1]
  .text                  ro code   0x800'5448     0x4  startup_stm32f303xc.o [1]
  .text                  ro code   0x800'544c     0x4  startup_stm32f303xc.o [1]
  .text                  ro code   0x800'5450     0x4  startup_stm32f303xc.o [1]
  .text                  ro code   0x800'5454     0x4  startup_stm32f303xc.o [1]
  .text                  ro code   0x800'5458     0x4  startup_stm32f303xc.o [1]
  .text                  ro code   0x800'545c     0x4  startup_stm32f303xc.o [1]
  .text                  ro code   0x800'5460     0x4  startup_stm32f303xc.o [1]
  .text                  ro code   0x800'5464     0x4  startup_stm32f303xc.o [1]
  .text                  ro code   0x800'5468     0x4  startup_stm32f303xc.o [1]
  .text                  ro code   0x800'546c     0x4  startup_stm32f303xc.o [1]
  .text                  ro code   0x800'5470     0x4  startup_stm32f303xc.o [1]
  .text                  ro code   0x800'5474     0x4  startup_stm32f303xc.o [1]
  SHT$$PREINIT_ARRAY               0x800'5478     0x0  <Block>
  SHT$$INIT_ARRAY                  0x800'5478     0x4  <Block>
    .init_array          const     0x800'5478     0x4  freertos.o [1]
  __iar_tls$$INIT_ARRAY            0x800'547c     0x0  <Block>
  .rodata                const     0x800'547c     0x0  zero_init3.o [4]
  .rodata                const     0x800'547c     0x0  packbits_init_single.o [4]
  Initializer bytes      const     0x800'547c    0x78  <for P2-1>
                                 - 0x800'54f4  0x536c

"P2", part 1 of 3:                              0x16c
  P2-1                            0x2000'0000   0x16c  <Init block>
    .data                inited   0x2000'0000    0x94  freertos.o [1]
    .data                inited   0x2000'0094     0xc  main.o [1]
    .data                inited   0x2000'00a0    0x2c  mb.o [1]
    .data                inited   0x2000'00cc    0x80  mb.o [1]
    .data                inited   0x2000'014c     0xc  port.o [1]
    .data                inited   0x2000'0158     0x4  portserial.o [1]
    .data                inited   0x2000'015c     0xc  stm32f3xx_hal.o [1]
    .data                inited   0x2000'0168     0x4  system_stm32f3xx.o [1]
                                - 0x2000'016c   0x16c

"P2", part 2 of 3:                             0x1b80
  .bss                   zero     0x2000'016c   0xc18  heap_4.o [1]
  .bss                   zero     0x2000'0d84   0x802  freertos.o [1]
  .bss                   zero     0x2000'1586     0x2  portevent.o [1]
  .bss                   zero     0x2000'1588   0x254  freertos.o [1]
  .bss                   zero     0x2000'17dc   0x100  mbrtu.o [1]
  .bss                   zero     0x2000'18dc    0x9c  tasks.o [1]
  .bss                   zero     0x2000'1978    0x8c  tasks.o [1]
  .bss                   zero     0x2000'1a04    0x84  usart.o [1]
  .bss                   zero     0x2000'1a88    0x64  spi.o [1]
  .bss                   zero     0x2000'1aec    0x50  adc.o [1]
  .bss                   zero     0x2000'1b3c    0x50  adc.o [1]
  .bss                   zero     0x2000'1b8c    0x4c  stm32f3xx_hal_timebase_tim.o [1]
  .bss                   zero     0x2000'1bd8    0x4c  tim.o [1]
  .bss                   zero     0x2000'1c24    0x4c  tim.o [1]
  .bss                   zero     0x2000'1c70    0x48  adc.o [1]
  .bss                   zero     0x2000'1cb8    0x22  mbfuncother.o [1]
  .bss                   zero     0x2000'1cdc     0xc  mbrtu.o [1]
  .bss                   zero     0x2000'1ce8     0x4  porttimer.o [1]
                                - 0x2000'1cec  0x1b80

"P2", part 3 of 3:                             0x4000
  CSTACK                          0x2000'1cf0  0x4000  <Block>
    CSTACK               uninit   0x2000'1cf0  0x4000  <Block tail>
                                - 0x2000'5cf0  0x4000

Unused ranges:

         From           To      Size
         ----           --      ----
   0x800'54f4   0x803'ffff  0x3'ab0c
  0x2000'1cec  0x2000'1cef       0x4
  0x2000'5cf0  0x2000'9fff    0x4310


*******************************************************************************
*** INIT TABLE
***

          Address      Size
          -------      ----
Zero (__iar_zero_init3)
    1 destination range, total size 0x1b80:
          0x2000'016c  0x1b80

Copy/packbits (__iar_packbits_init_single3)
    1 source range, total size 0x78 (32% of destination):
           0x800'547c    0x78
    1 destination range, total size 0x16c:
          0x2000'0000   0x16c

Extra (__iar_cstart_call_ctors)



*******************************************************************************
*** MODULE SUMMARY
***

    Module                        ro code  ro data  rw data
    ------                        -------  -------  -------
command line/config:
    -------------------------------------------------------
    Total:

D:\Kicads Schem\GP2Y0A02YK0F\f303C_sens\EWARM\f303C_sens\Obj: [1]
    adc.o                             452               232
    cmsis_os.o                        348
    dma.o                              48
    filter_sma.o                      104
    flash_user.o                      172
    freertos.o                        572       72    2'794
    gpio.o                            176
    heap_4.o                          436             3'096
    list.o                            146
    main.o                            258        4       12
    mb.o                              304       57      172
    mbcrc.o                            48      512
    mbfunccoils.o                     294
    mbfuncdisc.o                      112
    mbfuncholding.o                   386
    mbfuncinput.o                      96
    mbfuncother.o                      32                34
    mbrtu.o                           640      172      268
    mbutils.o                          24
    port.o                            500        4       12
    portasm.o                         176
    portevent.o                        48                 2
    portserial.o                      148        1        4
    porttimer.o                       108                 4
    queue.o                         1'508
    sensor.o                          100
    spi.o                             184               100
    startup_stm32f303xc.o             656
    stm32f3xx_hal.o                    64        4       12
    stm32f3xx_hal_adc.o                 4
    stm32f3xx_hal_adc_ex.o          2'312
    stm32f3xx_hal_cortex.o            152
    stm32f3xx_hal_dma.o               616
    stm32f3xx_hal_gpio.o              452
    stm32f3xx_hal_msp.o                60
    stm32f3xx_hal_rcc.o             1'268
    stm32f3xx_hal_rcc_ex.o            436
    stm32f3xx_hal_spi.o               244
    stm32f3xx_hal_tim.o             1'592
    stm32f3xx_hal_tim_ex.o            146
    stm32f3xx_hal_timebase_tim.o      120                76
    stm32f3xx_hal_uart.o            1'930
    stm32f3xx_hal_uart_ex.o           148
    stm32f3xx_it.o                    180
    system_stm32f3xx.o                 32       10        4
    tasks.o                         2'132               296
    tim.o                             280               152
    usart.o                           180               132
    -------------------------------------------------------
    Total:                         20'424      836    7'402

dl7M_tlf.a: [2]
    abort.o                             6
    cppinit.o                          24
    exit.o                              4
    low_level_init.o                    4
    -------------------------------------------------------
    Total:                             38

m7M_tls.a: [3]
    fpinit_M.o                         34
    -------------------------------------------------------
    Total:                             34

rt7M_tl.a: [4]
    ABImemclr.o                         6
    ABImemcpy_small.o                  24
    ABImemset_small.o                  18
    cexit.o                            10
    cmain.o                            30
    cmain_call_ctors.o                 32
    cstartup_M.o                       12
    data_init.o                        40
    memset.o                           20
    packbits_init_single.o             56
    zero_init3.o                       58
    -------------------------------------------------------
    Total:                            306

shb_l.a: [5]
    ABIassert.o                        36
    exit.o                             20
    unwind_debug.o                               1
    -------------------------------------------------------
    Total:                             56        1

    Gaps                               15        2        2
    Linker created                              36   16'384
-----------------------------------------------------------
    Grand Total:                   20'873      875   23'788


*******************************************************************************
*** ENTRY LIST
***

Entry                       Address   Size  Type      Object
-----                       -------   ----  ----      ------
.iar.init_table$$Base    0x800'5278          --   Gb  - Linker created -
.iar.init_table$$Limit   0x800'529c          --   Gb  - Linker created -
?main                    0x800'5315         Code  Gb  cmain.o [4]
ADC_DMAConvCplt          0x800'0947   0x44  Code  Lc  stm32f3xx_hal_adc_ex.o [1]
ADC_DMAError             0x800'0991   0x16  Code  Lc  stm32f3xx_hal_adc_ex.o [1]
ADC_DMAHalfConvCplt      0x800'098b    0x6  Code  Lc  stm32f3xx_hal_adc_ex.o [1]
ADC_Disable              0x800'09fb   0x64  Code  Lc  stm32f3xx_hal_adc_ex.o [1]
ADC_Enable               0x800'09a7   0x54  Code  Lc  stm32f3xx_hal_adc_ex.o [1]
ADC_endHandle           0x2000'000c    0x4  Data  Gb  freertos.o [1]
AHBPrescTable            0x800'52cc   0x10  Data  Gb  system_stm32f3xx.o [1]
APBPrescTable            0x800'5378    0x8  Data  Gb  system_stm32f3xx.o [1]
BusFault_Handler         0x800'4fcb    0x2  Code  Gb  stm32f3xx_it.o [1]
CSTACK$$Base            0x2000'1cf0          --   Gb  - Linker created -
CSTACK$$Limit           0x2000'5cf0          --   Gb  - Linker created -
DMA1_Channel1_IRQHandler
                         0x800'4fd1    0x6  Code  Gb  stm32f3xx_it.o [1]
DMA_CalcBaseAndBitshift
                         0x800'0e79   0x2e  Code  Lc  stm32f3xx_hal_dma.o [1]
DMA_SetConfig            0x800'0e57   0x22  Code  Lc  stm32f3xx_hal_dma.o [1]
DebugMon_Handler         0x800'4fcf    0x2  Code  Gb  stm32f3xx_it.o [1]
Error_Handler            0x800'121d    0x2  Code  Gb  main.o [1]
Flash_Read(settings_t *, unsigned int)
                         0x800'1df3   0x12  Code  Gb  flash_user.o [1]
Flash_Write(settings_t, unsigned int)
                         0x800'1dbd   0x36  Code  Gb  flash_user.o [1]
HAL_ADCEx_MultiModeConfigChannel
                         0x800'0859   0xe4  Code  Gb  stm32f3xx_hal_adc_ex.o [1]
HAL_ADC_ConfigChannel    0x800'0535  0x2ec  Code  Gb  stm32f3xx_hal_adc_ex.o [1]
HAL_ADC_ConvCpltCallback
                         0x800'0fe5    0x8  Code  Gb  freertos.o [1]
HAL_ADC_ConvHalfCpltCallback
                         0x800'10f9    0x2  Code  Wk  stm32f3xx_hal_adc.o [1]
HAL_ADC_ErrorCallback    0x800'10fb    0x2  Code  Wk  stm32f3xx_hal_adc.o [1]
HAL_ADC_Init             0x800'0189  0x216  Code  Gb  stm32f3xx_hal_adc_ex.o [1]
HAL_ADC_MspInit          0x800'0b8b   0x72  Code  Gb  adc.o [1]
HAL_ADC_Start_DMA        0x800'03ab  0x12a  Code  Gb  stm32f3xx_hal_adc_ex.o [1]
HAL_DMA_Abort            0x800'0d17   0x40  Code  Gb  stm32f3xx_hal_dma.o [1]
HAL_DMA_Abort_IT         0x800'0d57   0x40  Code  Gb  stm32f3xx_hal_dma.o [1]
HAL_DMA_IRQHandler       0x800'0da7   0xa6  Code  Gb  stm32f3xx_hal_dma.o [1]
HAL_DMA_Init             0x800'0c55   0x4e  Code  Gb  stm32f3xx_hal_dma.o [1]
HAL_DMA_Start_IT         0x800'0ca3   0x74  Code  Gb  stm32f3xx_hal_dma.o [1]
HAL_GPIO_Init            0x800'1259  0x19e  Code  Gb  stm32f3xx_hal_gpio.o [1]
HAL_GPIO_WritePin        0x800'13f7    0xa  Code  Gb  stm32f3xx_hal_gpio.o [1]
HAL_GetTick              0x800'10fd    0xc  Code  Wk  stm32f3xx_hal.o [1]
HAL_IncTick              0x800'28ad   0x10  Code  Wk  stm32f3xx_hal.o [1]
HAL_Init                 0x800'1e7d   0x20  Code  Gb  stm32f3xx_hal.o [1]
HAL_InitTick             0x800'3a55   0x68  Code  Gb  stm32f3xx_hal_timebase_tim.o [1]
HAL_MspInit              0x800'3acd   0x3c  Code  Gb  stm32f3xx_hal_msp.o [1]
HAL_NVIC_EnableIRQ       0x800'3a2b   0x16  Code  Gb  stm32f3xx_hal_cortex.o [1]
HAL_NVIC_SetPriority     0x800'39f1   0x3a  Code  Gb  stm32f3xx_hal_cortex.o [1]
HAL_NVIC_SetPriorityGrouping
                         0x800'39d7   0x1a  Code  Gb  stm32f3xx_hal_cortex.o [1]
HAL_RCCEx_PeriphCLKConfig
                         0x800'26f9  0x1a8  Code  Gb  stm32f3xx_hal_rcc_ex.o [1]
HAL_RCC_ADC12_CLK_ENABLED
                        0x2000'1cb4    0x4  Data  Lc  adc.o [1]
HAL_RCC_ClockConfig      0x800'2515   0xde  Code  Gb  stm32f3xx_hal_rcc.o [1]
HAL_RCC_GetClockConfig   0x800'2671   0x36  Code  Gb  stm32f3xx_hal_rcc.o [1]
HAL_RCC_GetPCLK1Freq     0x800'264d   0x10  Code  Gb  stm32f3xx_hal_rcc.o [1]
HAL_RCC_GetPCLK2Freq     0x800'265d    0xe  Code  Gb  stm32f3xx_hal_rcc.o [1]
HAL_RCC_GetSysClockFreq
                         0x800'2611   0x3c  Code  Gb  stm32f3xx_hal_rcc.o [1]
HAL_RCC_OscConfig        0x800'2205  0x308  Code  Gb  stm32f3xx_hal_rcc.o [1]
HAL_RS485Ex_Init         0x800'3bfd   0x7a  Code  Gb  stm32f3xx_hal_uart_ex.o [1]
HAL_SPI_Init             0x800'3b09   0xdc  Code  Gb  stm32f3xx_hal_spi.o [1]
HAL_SPI_MspInit          0x800'1fc7   0x60  Code  Gb  spi.o [1]
HAL_TIMEx_Break2Callback
                         0x800'36fb    0x2  Code  Wk  stm32f3xx_hal_tim_ex.o [1]
HAL_TIMEx_BreakCallback
                         0x800'36f9    0x2  Code  Wk  stm32f3xx_hal_tim_ex.o [1]
HAL_TIMEx_CommutCallback
                         0x800'36ff    0x2  Code  Wk  stm32f3xx_hal_tim_ex.o [1]
HAL_TIMEx_MasterConfigSynchronization
                         0x800'3c91   0x76  Code  Gb  stm32f3xx_hal_tim_ex.o [1]
HAL_TIM_Base_Init        0x800'15f5   0x1a  Code  Gb  stm32f3xx_hal_tim.o [1]
HAL_TIM_Base_MspInit     0x800'21bd   0x34  Code  Gb  tim.o [1]
HAL_TIM_Base_Start_IT    0x800'160f   0x74  Code  Gb  stm32f3xx_hal_tim.o [1]
HAL_TIM_Base_Stop_IT     0x800'1683   0x1e  Code  Gb  stm32f3xx_hal_tim.o [1]
HAL_TIM_IRQHandler       0x800'1719  0x15c  Code  Gb  stm32f3xx_hal_tim.o [1]
HAL_TIM_OC_ConfigChannel
                         0x800'187b   0x68  Code  Gb  stm32f3xx_hal_tim.o [1]
HAL_TIM_OC_Init          0x800'16b5   0x18  Code  Gb  stm32f3xx_hal_tim.o [1]
HAL_TIM_OC_MspInit       0x800'219b   0x22  Code  Gb  tim.o [1]
HAL_TIM_PeriodElapsedCallback
                         0x800'1201    0xe  Code  Gb  main.o [1]
HAL_UARTEx_WakeupCallback
                         0x800'3c8f    0x2  Code  Wk  stm32f3xx_hal_uart_ex.o [1]
HAL_UART_IRQHandler      0x800'43a5  0x252  Code  Gb  stm32f3xx_hal_uart.o [1]
HAL_UART_MspInit         0x800'206f   0x72  Code  Gb  usart.o [1]
HAL_UART_Transmit        0x800'42ad   0xb8  Code  Gb  stm32f3xx_hal_uart.o [1]
HardFault_Handler        0x800'4fc7    0x2  Code  Gb  stm32f3xx_it.o [1]
MX_ADC1_Init             0x800'0a91   0x84  Code  Gb  adc.o [1]
MX_ADC2_Init             0x800'0b15   0x5c  Code  Gb  adc.o [1]
MX_DMA_Init              0x800'1f51   0x30  Code  Gb  dma.o [1]
MX_FREERTOS_Init()       0x800'0eed   0x48  Code  Gb  freertos.o [1]
MX_GPIO_Init             0x800'1ea1   0x94  Code  Gb  gpio.o [1]
MX_SPI2_Init             0x800'1f81   0x46  Code  Gb  spi.o [1]
MX_TIM3_Init             0x800'20ed   0x6a  Code  Gb  tim.o [1]
MX_TIM6_Init             0x800'2157   0x3a  Code  Gb  tim.o [1]
MX_USART1_UART_Init      0x800'2039   0x36  Code  Gb  usart.o [1]
MainTaskHandle          0x2000'0004    0x4  Data  Gb  freertos.o [1]
MemManage_Handler        0x800'4fc9    0x2  Code  Gb  stm32f3xx_it.o [1]
ModbusHandle            0x2000'0008    0x4  Data  Gb  freertos.o [1]
NMI_Handler              0x800'4fc5    0x2  Code  Gb  stm32f3xx_it.o [1]
PendSV_Handler           0x800'4a31         Code  Gb  portasm.o [1]
Region$$Table$$Base      0x800'5278          --   Gb  - Linker created -
Region$$Table$$Limit     0x800'529c          --   Gb  - Linker created -
SHT$$INIT_ARRAY$$Base    0x800'5478          --   Gb  - Linker created -
SHT$$INIT_ARRAY$$Limit   0x800'547c          --   Gb  - Linker created -
SHT$$PREINIT_ARRAY$$Base
                         0x800'5478          --   Gb  - Linker created -
SHT$$PREINIT_ARRAY$$Limit
                         0x800'5478          --   Gb  - Linker created -
SVC_Handler              0x800'4a89         Code  Gb  portasm.o [1]
Sensor1                 0x2000'0010   0x2c  Data  Gb  freertos.o [1]
Sensor2                 0x2000'003c   0x2c  Data  Gb  freertos.o [1]
Sensor3                 0x2000'0068   0x2c  Data  Gb  freertos.o [1]
SysTick_Handler          0x800'40a1   0x26  Code  Gb  port.o [1]
SystemClock_Config()     0x800'118f   0x72  Code  Gb  main.o [1]
SystemCoreClock         0x2000'0168    0x4  Data  Gb  system_stm32f3xx.o [1]
SystemInit               0x800'52bd    0xc  Code  Gb  system_stm32f3xx.o [1]
TIM6_DAC_IRQHandler      0x800'5017   0x3a  Code  Gb  stm32f3xx_it.o [1]
TIM7_IRQHandler          0x800'5051    0x6  Code  Gb  stm32f3xx_it.o [1]
TIM_Base_SetConfig       0x800'18f5   0xa0  Code  Gb  stm32f3xx_hal_tim.o [1]
TIM_OC1_SetConfig        0x800'1995   0x82  Code  Lc  stm32f3xx_hal_tim.o [1]
TIM_OC2_SetConfig        0x800'1a17   0x72  Code  Gb  stm32f3xx_hal_tim.o [1]
TIM_OC3_SetConfig        0x800'1a89   0x70  Code  Lc  stm32f3xx_hal_tim.o [1]
TIM_OC4_SetConfig        0x800'1af9   0x4e  Code  Lc  stm32f3xx_hal_tim.o [1]
TIM_OC5_SetConfig        0x800'1b47   0x54  Code  Lc  stm32f3xx_hal_tim.o [1]
TIM_OC6_SetConfig        0x800'1b9b   0x4e  Code  Lc  stm32f3xx_hal_tim.o [1]
UART_AdvFeatureConfig    0x800'47e1   0xc6  Code  Gb  stm32f3xx_hal_uart.o [1]
UART_CheckIdleState      0x800'48a7   0x5c  Code  Gb  stm32f3xx_hal_uart.o [1]
UART_DMAAbortOnError     0x800'4a21   0x10  Code  Lc  stm32f3xx_hal_uart.o [1]
UART_EndRxTransfer       0x800'49b7   0x26  Code  Lc  stm32f3xx_hal_uart.o [1]
UART_SetConfig           0x800'461d  0x1a0  Code  Gb  stm32f3xx_hal_uart.o [1]
UART_WaitOnFlagUntilTimeout
                         0x800'4903   0x78  Code  Gb  stm32f3xx_hal_uart.o [1]
USART1_IRQHandler        0x800'4fd7   0x40  Code  Gb  stm32f3xx_it.o [1]
UsageFault_Handler       0x800'4fcd    0x2  Code  Gb  stm32f3xx_it.o [1]
__NVIC_SetPriority       0x800'39bd   0x1a  Code  Lc  stm32f3xx_hal_cortex.o [1]
__aeabi_assert           0x800'4259   0x24  Code  Gb  ABIassert.o [5]
__aeabi_memclr           0x800'3705         Code  Gb  ABImemclr.o [4]
__call_ctors             0x800'52fd   0x18  Code  Gb  cppinit.o [2]
__cmain                  0x800'5315         Code  Gb  cmain.o [4]
__exit                   0x800'4aed   0x14  Code  Gb  exit.o [5]
__iar_cstart_call_ctors
                         0x800'52dd   0x20  Code  Gb  cmain_call_ctors.o [4]
__iar_data_init3         0x800'522d   0x28  Code  Gb  data_init.o [4]
__iar_debug_exceptions   0x800'1e7a    0x1  Data  Gb  unwind_debug.o [5]
__iar_init_vfp           0x800'5255         Code  Gb  fpinit_M.o [3]
__iar_packbits_init_single3
                         0x800'51f5   0x38  Code  Gb  packbits_init_single.o [4]
__iar_program_start      0x800'5365         Code  Gb  cstartup_M.o [4]
__iar_small_Memcpy       0x800'15e1         Code  Gb  ABImemcpy_small.o [4]
__iar_small_Memset       0x800'1e69         Code  Gb  ABImemset_small.o [4]
__iar_small_Memset_word
                         0x800'1e69         Code  Gb  ABImemset_small.o [4]
__iar_small_memcpy       0x800'15dd         Code  Gb  ABImemcpy_small.o [4]
__iar_small_memcpy4      0x800'15dd         Code  Gb  ABImemcpy_small.o [4]
__iar_small_memcpy8      0x800'15dd         Code  Gb  ABImemcpy_small.o [4]
__iar_small_memset       0x800'1e69         Code  Gb  ABImemset_small.o [4]
__iar_tls$$INIT_ARRAY$$Base
                         0x800'547c          --   Gb  - Linker created -
__iar_tls$$INIT_ARRAY$$Limit
                         0x800'547c          --   Gb  - Linker created -
__iar_zero_init3         0x800'121f   0x3a  Code  Gb  zero_init3.o [4]
__low_level_init         0x800'5333    0x4  Code  Gb  low_level_init.o [2]
__sti__routine           0x800'0ebd   0x20  Code  Lc  freertos.o [1]
__vector_table           0x800'0000         Data  Gb  startup_stm32f303xc.o [1]
_call_main               0x800'5321         Code  Gb  cmain.o [4]
_exit                    0x800'533d         Code  Gb  cexit.o [4]
_main                    0x800'532f         Code  Gb  cmain.o [4]
aPLLMULFactorTable       0x800'26d8   0x10  Data  Gb  stm32f3xx_hal_rcc.o [1]
aPredivFactorTable       0x800'26e8   0x10  Data  Gb  stm32f3xx_hal_rcc.o [1]
abort                    0x800'4ae1    0x6  Code  Gb  abort.o [2]
adc_buffer              0x2000'0d84  0x800  Data  Gb  freertos.o [1]
aucCRCHi                 0x800'4b00  0x100  Data  Lc  mbcrc.o [1]
aucCRCLo                 0x800'4c00  0x100  Data  Lc  mbcrc.o [1]
call                    0x2000'1584    0x2  Data  Gb  freertos.o [1]
downcounter             0x2000'1cea    0x2  Data  Gb  porttimer.o [1]
eMBEnable                0x800'1ce5   0x1a  Code  Gb  mb.o [1]
eMBFuncReadCoils         0x800'4e9d   0x68  Code  Gb  mbfunccoils.o [1]
eMBFuncReadDiscreteInputs
                         0x800'5125   0x70  Code  Gb  mbfuncdisc.o [1]
eMBFuncReadHoldingRegister
                         0x800'4d85   0x5c  Code  Gb  mbfuncholding.o [1]
eMBFuncReadInputRegister
                         0x800'5195   0x60  Code  Gb  mbfuncinput.o [1]
eMBFuncReadWriteMultipleHoldingRegister
                         0x800'4de1   0xa2  Code  Gb  mbfuncholding.o [1]
eMBFuncReportSlaveID     0x800'529d   0x18  Code  Gb  mbfuncother.o [1]
eMBFuncWriteCoil         0x800'4f05   0x54  Code  Gb  mbfunccoils.o [1]
eMBFuncWriteHoldingRegister
                         0x800'4d01   0x32  Code  Gb  mbfuncholding.o [1]
eMBFuncWriteMultipleCoils
                         0x800'4f59   0x5a  Code  Gb  mbfunccoils.o [1]
eMBFuncWriteMultipleHoldingRegister
                         0x800'4d33   0x52  Code  Gb  mbfuncholding.o [1]
eMBInit                  0x800'1c8d   0x58  Code  Gb  mb.o [1]
eMBPoll                  0x800'1cff   0x98  Code  Gb  mb.o [1]
eMBPoll::ucFunctionCode
                        0x2000'00a3    0x1  Data  Lc  mb.o [1]
eMBPoll::ucMBFrame      0x2000'00c8    0x4  Data  Lc  mb.o [1]
eMBPoll::ucRcvAddress   0x2000'00a2    0x1  Data  Lc  mb.o [1]
eMBPoll::usLength       0x2000'00a4    0x2  Data  Lc  mb.o [1]
eMBRTUInit               0x800'370d   0x3a  Code  Gb  mbrtu.o [1]
eMBRTUReceive            0x800'3771   0x56  Code  Gb  mbrtu.o [1]
eMBRTUSend               0x800'37c7   0x50  Code  Gb  mbrtu.o [1]
eMBRTUStart              0x800'3747   0x16  Code  Gb  mbrtu.o [1]
eMBRTUStop               0x800'375d   0x14  Code  Gb  mbrtu.o [1]
eMBRegCoilsCB            0x800'10b1    0x4  Code  Gb  freertos.o [1]
eMBRegDiscreteCB         0x800'10b5    0x4  Code  Gb  freertos.o [1]
eMBRegHoldingCB          0x800'0ff1   0x9e  Code  Gb  freertos.o [1]
eMBRegInputCB            0x800'0fed    0x4  Code  Gb  freertos.o [1]
eMBState                0x2000'00a1    0x1  Data  Lc  mb.o [1]
eQueuedEvent            0x2000'1586    0x1  Data  Lc  portevent.o [1]
eRcvState               0x2000'1cdd    0x1  Data  Lc  mbrtu.o [1]
eSndState               0x2000'1cdc    0x1  Data  Lc  mbrtu.o [1]
exit                     0x800'5337    0x4  Code  Gb  exit.o [2]
filter::Filter_SMA(unsigned short)
                         0x800'1c27   0x4c  Code  Gb  filter_sma.o [1]
filter::Get_Result()     0x800'1c73    0x4  Code  Gb  filter_sma.o [1]
filter::filter()         0x800'1c77   0x16  Code  Gb  filter_sma.o [1]
filter::filter() [subobject]
                         0x800'1c25    0x2  Code  Gb  filter_sma.o [1]
flash_erase_page(unsigned int)
                         0x800'1e05   0x24  Code  Gb  flash_user.o [1]
flash_write(unsigned int, unsigned int)
                         0x800'1e29   0x2e  Code  Gb  flash_user.o [1]
hadc1                   0x2000'1aec   0x50  Data  Gb  adc.o [1]
hadc2                   0x2000'1b3c   0x50  Data  Gb  adc.o [1]
hdma_adc1               0x2000'1c70   0x44  Data  Gb  adc.o [1]
hspi2                   0x2000'1a88   0x64  Data  Gb  spi.o [1]
htim3                   0x2000'1bd8   0x4c  Data  Gb  tim.o [1]
htim6                   0x2000'1c24   0x4c  Data  Gb  tim.o [1]
htim7                   0x2000'1b8c   0x4c  Data  Gb  stm32f3xx_hal_timebase_tim.o [1]
huart1                  0x2000'1a04   0x84  Data  Gb  usart.o [1]
main                     0x800'111d   0x72  Code  Gb  main.o [1]
mainTask(void const *)   0x800'0f35   0x92  Code  Gb  freertos.o [1]
makeFreeRtosPriority     0x800'1481    0xc  Code  Lc  cmsis_os.o [1]
memset                   0x800'1109   0x14  Code  Gb  memset.o [4]
modbus(void const *)     0x800'0fc7   0x1e  Code  Gb  freertos.o [1]
osDelay                  0x800'14f5    0xe  Code  Gb  cmsis_os.o [1]
osKernelStart            0x800'148d    0xa  Code  Gb  cmsis_os.o [1]
osSemaphoreCreate        0x800'1503   0x3e  Code  Gb  cmsis_os.o [1]
osSemaphoreRelease       0x800'158f   0x36  Code  Gb  cmsis_os.o [1]
osSemaphoreWait          0x800'1541   0x42  Code  Gb  cmsis_os.o [1]
osThreadCreate           0x800'1497   0x5e  Code  Gb  cmsis_os.o [1]
peMBFrameReceiveCur     0x2000'00b4    0x4  Data  Lc  mb.o [1]
peMBFrameSendCur        0x2000'00a8    0x4  Data  Lc  mb.o [1]
prvAddCurrentTaskToDelayedList
                         0x800'3095   0x5e  Code  Lc  tasks.o [1]
prvAddNewTaskToReadyList
                         0x800'29ed   0xa8  Code  Lc  tasks.o [1]
prvCopyDataFromQueue     0x800'364b   0x28  Code  Lc  queue.o [1]
prvCopyDataToQueue       0x800'35e3   0x68  Code  Lc  queue.o [1]
prvDeleteTCB             0x800'2e4b   0x2e  Code  Lc  tasks.o [1]
prvIdleTask              0x800'2e09   0x42  Code  Lc  tasks.o [1]
prvInitialiseNewQueue    0x800'3225   0x16  Code  Lc  queue.o [1]
prvInitialiseNewTask     0x800'2975   0x78  Code  Lc  tasks.o [1]
prvInsertBlockIntoFreeList
                         0x800'3e83   0x46  Code  Lc  heap_4.o [1]
prvIsQueueEmpty          0x800'36db   0x16  Code  Lc  queue.o [1]
prvResetNextTaskUnblockTime
                         0x800'2e79   0x1a  Code  Lc  tasks.o [1]
prvTaskExitError         0x800'3f8d   0x1c  Code  Lc  port.o [1]
prvUnlockQueue           0x800'3673   0x68  Code  Lc  queue.o [1]
prveMBError2Exception    0x800'4e85   0x18  Code  Gb  mbutils.o [1]
pucSndBufferCur         0x2000'1ce4    0x4  Data  Lc  mbrtu.o [1]
pvMBFrameCloseCur       0x2000'00b8    0x4  Data  Lc  mb.o [1]
pvMBFrameStartCur       0x2000'00ac    0x4  Data  Lc  mb.o [1]
pvMBFrameStopCur        0x2000'00b0    0x4  Data  Lc  mb.o [1]
pvPortMalloc             0x800'3d1d  0x104  Code  Gb  heap_4.o [1]
pvTaskIncrementMutexHeldCount
                         0x800'305b   0x14  Code  Gb  tasks.o [1]
pxCurrentTCB            0x2000'1904    0x4  Data  Gb  tasks.o [1]
pxDelayedTaskList       0x2000'1908    0x4  Data  Lc  tasks.o [1]
pxEnd                   0x2000'0174    0x4  Data  Lc  heap_4.o [1]
pxMBFrameCBByteReceived
                        0x2000'00bc    0x4  Data  Gb  mb.o [1]
pxMBFrameCBTransmitterEmpty
                        0x2000'00c0    0x4  Data  Gb  mb.o [1]
pxMBPortCBTimerExpired  0x2000'00c4    0x4  Data  Gb  mb.o [1]
pxOverflowDelayedTaskList
                        0x2000'190c    0x4  Data  Lc  tasks.o [1]
pxPortInitialiseStack    0x800'3f65   0x26  Code  Gb  port.o [1]
pxReadyTasksLists       0x2000'1978   0x8c  Data  Lc  tasks.o [1]
sensState               0x2000'0000    0x1  Data  Gb  freertos.o [1]
sensor::Call(unsigned short *)
                         0x800'1449   0x30  Code  Gb  sensor.o [1]
sensor::detectPoll()     0x800'1439   0x10  Code  Gb  sensor.o [1]
sensor::sensor()         0x800'141d   0x1c  Code  Gb  sensor.o [1]
serial                  0x2000'0158    0x4  Data  Gb  portserial.o [1]
settings                0x2000'0094    0xc  Data  Gb  main.o [1]
timeout                 0x2000'1ce8    0x2  Data  Gb  porttimer.o [1]
ucHeap                  0x2000'0184  0xc00  Data  Lc  heap_4.o [1]
ucMBAddress             0x2000'00a0    0x1  Data  Lc  mb.o [1]
ucMBSlaveID             0x2000'1cb8   0x20  Data  Lc  mbfuncother.o [1]
ucMaxSysCallPriority    0x2000'014c    0x1  Data  Lc  port.o [1]
ucRTUBuf                0x2000'17dc  0x100  Data  Gb  mbrtu.o [1]
ulMaxPRIGROUPValue      0x2000'0154    0x4  Data  Lc  port.o [1]
usMBCRC16                0x800'427d   0x30  Code  Gb  mbcrc.o [1]
usMBSlaveIDLen          0x2000'1cd8    0x2  Data  Lc  mbfuncother.o [1]
usRcvBufferPos          0x2000'1ce0    0x2  Data  Lc  mbrtu.o [1]
usSndBufferCount        0x2000'1cde    0x2  Data  Lc  mbrtu.o [1]
uwTick                  0x2000'0160    0x4  Data  Gb  stm32f3xx_hal.o [1]
uwTickFreq              0x2000'015c    0x1  Data  Gb  stm32f3xx_hal.o [1]
uwTickPrio              0x2000'0164    0x4  Data  Gb  stm32f3xx_hal.o [1]
uxCriticalNesting       0x2000'0150    0x4  Data  Lc  port.o [1]
uxCurrentNumberOfTasks  0x2000'1928    0x4  Data  Lc  tasks.o [1]
uxDeletedTasksWaitingCleanUp
                        0x2000'1910    0x4  Data  Lc  tasks.o [1]
uxListRemove             0x800'3f3d   0x26  Code  Gb  list.o [1]
uxPendedTicks           0x2000'1938    0x4  Data  Lc  tasks.o [1]
uxSchedulerSuspended    0x2000'194c    0x4  Data  Lc  tasks.o [1]
uxTaskNumber            0x2000'1944    0x4  Data  Lc  tasks.o [1]
uxTopReadyPriority      0x2000'1930    0x4  Data  Lc  tasks.o [1]
vApplicationGetIdleTaskMemory
                         0x800'0edd   0x10  Code  Gb  freertos.o [1]
vListInitialise          0x800'3ed1   0x1a  Code  Gb  list.o [1]
vListInitialiseItem      0x800'3eeb    0x6  Code  Gb  list.o [1]
vListInsert              0x800'3f0b   0x32  Code  Gb  list.o [1]
vListInsertEnd           0x800'3ef1   0x1a  Code  Gb  list.o [1]
vMBPortSerialEnable      0x800'4159   0x30  Code  Gb  portserial.o [1]
vMBPortTimersDisable     0x800'4241    0x6  Code  Gb  porttimer.o [1]
vMBPortTimersEnable      0x800'4235    0xc  Code  Gb  porttimer.o [1]
vPortEnableVFP           0x800'4ac5         Code  Gb  portasm.o [1]
vPortEnterCritical       0x800'404d   0x32  Code  Gb  port.o [1]
vPortExitCritical        0x800'407f   0x22  Code  Gb  port.o [1]
vPortFree                0x800'3e2f   0x46  Code  Gb  heap_4.o [1]
vPortStartFirstTask      0x800'4aa5         Code  Gb  portasm.o [1]
vPortValidateInterruptPriority
                         0x800'40c9   0x34  Code  Gb  port.o [1]
vTaskDelay               0x800'2a95   0x2e  Code  Gb  tasks.o [1]
vTaskInternalSetTimeOutState
                         0x800'2d8b    0xe  Code  Gb  tasks.o [1]
vTaskMissedYield         0x800'2dff    0xa  Code  Gb  tasks.o [1]
vTaskPlaceOnEventList    0x800'2cf1   0x26  Code  Gb  tasks.o [1]
vTaskPriorityDisinheritAfterTimeout
                         0x800'2fc5   0x88  Code  Gb  tasks.o [1]
vTaskStartScheduler      0x800'2ad3   0x54  Code  Gb  tasks.o [1]
vTaskSuspendAll          0x800'2b2f    0xc  Code  Gb  tasks.o [1]
vTaskSwitchContext       0x800'2c9f   0x52  Code  Gb  tasks.o [1]
xBlockAllocatedBit      0x2000'0180    0x4  Data  Lc  heap_4.o [1]
xDelayedTaskList1       0x2000'1950   0x14  Data  Lc  tasks.o [1]
xDelayedTaskList2       0x2000'1964   0x14  Data  Lc  tasks.o [1]
xEventInQueue           0x2000'1587    0x1  Data  Lc  portevent.o [1]
xFreeBytesRemaining     0x2000'0178    0x4  Data  Lc  heap_4.o [1]
xFuncHandlers           0x2000'00cc   0x80  Data  Lc  mb.o [1]
xIdleStack              0x2000'15dc  0x200  Data  Lc  freertos.o [1]
xIdleTaskTCBBuffer      0x2000'1588   0x54  Data  Lc  freertos.o [1]
xMBPortEventGet          0x800'39a3   0x16  Code  Gb  portevent.o [1]
xMBPortEventInit         0x800'398d    0xa  Code  Gb  portevent.o [1]
xMBPortEventPost         0x800'3997    0xc  Code  Gb  portevent.o [1]
xMBPortSerialGetByte     0x800'41d7    0xe  Code  Gb  portserial.o [1]
xMBPortSerialInit        0x800'4189   0x36  Code  Gb  portserial.o [1]
xMBPortSerialPutByte     0x800'41bf   0x18  Code  Gb  portserial.o [1]
xMBPortTimersInit        0x800'41ed   0x48  Code  Gb  porttimer.o [1]
xMBRTUReceiveFSM         0x800'3819   0x52  Code  Gb  mbrtu.o [1]
xMBRTUTimerT35Expired    0x800'38dd   0x50  Code  Gb  mbrtu.o [1]
xMBRTUTransmitFSM        0x800'3879   0x5c  Code  Gb  mbrtu.o [1]
xMinimumEverFreeBytesRemaining
                        0x2000'017c    0x4  Data  Lc  heap_4.o [1]
xNextTaskUnblockTime    0x2000'1948    0x4  Data  Lc  tasks.o [1]
xNumOfOverflows         0x2000'1940    0x4  Data  Lc  tasks.o [1]
xPendingReadyList       0x2000'18dc   0x14  Data  Lc  tasks.o [1]
xPortStartScheduler      0x800'3fa9   0xa4  Code  Gb  port.o [1]
xQueueGenericCreate      0x800'31e7   0x3e  Code  Gb  queue.o [1]
xQueueGenericCreateStatic
                         0x800'3189   0x5e  Code  Gb  queue.o [1]
xQueueGenericReset       0x800'3111   0x78  Code  Gb  queue.o [1]
xQueueGenericSend        0x800'323b  0x122  Code  Gb  queue.o [1]
xQueueGiveFromISR        0x800'3365   0x70  Code  Gb  queue.o [1]
xQueueReceiveFromISR     0x800'3551   0x82  Code  Gb  queue.o [1]
xQueueSemaphoreTake      0x800'33f3  0x128  Code  Gb  queue.o [1]
xSchedulerRunning       0x2000'1934    0x4  Data  Lc  tasks.o [1]
xStart                  0x2000'016c    0x8  Data  Lc  heap_4.o [1]
xSuspendedTaskList      0x2000'1914   0x14  Data  Lc  tasks.o [1]
xTaskCheckForTimeOut     0x800'2d99   0x66  Code  Gb  tasks.o [1]
xTaskCreate              0x800'2919   0x5c  Code  Gb  tasks.o [1]
xTaskCreateStatic        0x800'28bd   0x5c  Code  Gb  tasks.o [1]
xTaskGetSchedulerState   0x800'2e93   0x18  Code  Gb  tasks.o [1]
xTaskIncrementTick       0x800'2be3   0xbc  Code  Gb  tasks.o [1]
xTaskPriorityDisinherit
                         0x800'2f2d   0x78  Code  Gb  tasks.o [1]
xTaskPriorityInherit     0x800'2eab   0x7c  Code  Gb  tasks.o [1]
xTaskRemoveFromEventList
                         0x800'2d2f   0x52  Code  Gb  tasks.o [1]
xTaskResumeAll           0x800'2b3b   0x98  Code  Gb  tasks.o [1]
xTasksWaitingTermination
                        0x2000'18f0   0x14  Data  Lc  tasks.o [1]
xTickCount              0x2000'192c    0x4  Data  Lc  tasks.o [1]
xYieldPending           0x2000'193c    0x4  Data  Lc  tasks.o [1]


[1] = D:\Kicads Schem\GP2Y0A02YK0F\f303C_sens\EWARM\f303C_sens\Obj
[2] = dl7M_tlf.a
[3] = m7M_tls.a
[4] = rt7M_tl.a
[5] = shb_l.a

  20'873 bytes of readonly  code memory
     875 bytes of readonly  data memory
  23'788 bytes of readwrite data memory

Errors: none
Warnings: none
