###############################################################################
#
# IAR ELF Linker V8.40.2.214/W32 for ARM                  29/Sep/2021  13:14:54
# Copyright 2007-2019 IAR Systems AB.
#
#    Output file  =
#        D:\Radio\Jobe\GP2Y0A02YK0F\f303C_sens\EWARM\f303C_sens\Exe\f303C_sens.out
#    Map file     =
#        D:\Radio\Jobe\GP2Y0A02YK0F\f303C_sens\EWARM\f303C_sens\List\f303C_sens.map
#    Command line =
#        -f C:\Users\IERIXO~1\AppData\Local\Temp\EW35F7.tmp
#        (D:\Radio\Jobe\GP2Y0A02YK0F\f303C_sens\EWARM\f303C_sens\Obj\adc.o
#        D:\Radio\Jobe\GP2Y0A02YK0F\f303C_sens\EWARM\f303C_sens\Obj\cmsis_os.o
#        D:\Radio\Jobe\GP2Y0A02YK0F\f303C_sens\EWARM\f303C_sens\Obj\croutine.o
#        D:\Radio\Jobe\GP2Y0A02YK0F\f303C_sens\EWARM\f303C_sens\Obj\dma.o
#        D:\Radio\Jobe\GP2Y0A02YK0F\f303C_sens\EWARM\f303C_sens\Obj\event_groups.o
#        D:\Radio\Jobe\GP2Y0A02YK0F\f303C_sens\EWARM\f303C_sens\Obj\filter_sma.o
#        D:\Radio\Jobe\GP2Y0A02YK0F\f303C_sens\EWARM\f303C_sens\Obj\flash_user.o
#        D:\Radio\Jobe\GP2Y0A02YK0F\f303C_sens\EWARM\f303C_sens\Obj\freertos.o
#        D:\Radio\Jobe\GP2Y0A02YK0F\f303C_sens\EWARM\f303C_sens\Obj\gpio.o
#        D:\Radio\Jobe\GP2Y0A02YK0F\f303C_sens\EWARM\f303C_sens\Obj\heap_4.o
#        D:\Radio\Jobe\GP2Y0A02YK0F\f303C_sens\EWARM\f303C_sens\Obj\list.o
#        D:\Radio\Jobe\GP2Y0A02YK0F\f303C_sens\EWARM\f303C_sens\Obj\main.o
#        D:\Radio\Jobe\GP2Y0A02YK0F\f303C_sens\EWARM\f303C_sens\Obj\mb.o
#        D:\Radio\Jobe\GP2Y0A02YK0F\f303C_sens\EWARM\f303C_sens\Obj\mbcrc.o
#        D:\Radio\Jobe\GP2Y0A02YK0F\f303C_sens\EWARM\f303C_sens\Obj\mbfunccoils.o
#        D:\Radio\Jobe\GP2Y0A02YK0F\f303C_sens\EWARM\f303C_sens\Obj\mbfuncdiag.o
#        D:\Radio\Jobe\GP2Y0A02YK0F\f303C_sens\EWARM\f303C_sens\Obj\mbfuncdisc.o
#        D:\Radio\Jobe\GP2Y0A02YK0F\f303C_sens\EWARM\f303C_sens\Obj\mbfuncholding.o
#        D:\Radio\Jobe\GP2Y0A02YK0F\f303C_sens\EWARM\f303C_sens\Obj\mbfuncinput.o
#        D:\Radio\Jobe\GP2Y0A02YK0F\f303C_sens\EWARM\f303C_sens\Obj\mbfuncother.o
#        D:\Radio\Jobe\GP2Y0A02YK0F\f303C_sens\EWARM\f303C_sens\Obj\mbrtu.o
#        D:\Radio\Jobe\GP2Y0A02YK0F\f303C_sens\EWARM\f303C_sens\Obj\mbutils.o
#        D:\Radio\Jobe\GP2Y0A02YK0F\f303C_sens\EWARM\f303C_sens\Obj\port.o
#        D:\Radio\Jobe\GP2Y0A02YK0F\f303C_sens\EWARM\f303C_sens\Obj\portasm.o
#        D:\Radio\Jobe\GP2Y0A02YK0F\f303C_sens\EWARM\f303C_sens\Obj\portevent.o
#        D:\Radio\Jobe\GP2Y0A02YK0F\f303C_sens\EWARM\f303C_sens\Obj\portserial.o
#        D:\Radio\Jobe\GP2Y0A02YK0F\f303C_sens\EWARM\f303C_sens\Obj\porttimer.o
#        D:\Radio\Jobe\GP2Y0A02YK0F\f303C_sens\EWARM\f303C_sens\Obj\queue.o
#        D:\Radio\Jobe\GP2Y0A02YK0F\f303C_sens\EWARM\f303C_sens\Obj\sensor.o
#        D:\Radio\Jobe\GP2Y0A02YK0F\f303C_sens\EWARM\f303C_sens\Obj\spi.o
#        D:\Radio\Jobe\GP2Y0A02YK0F\f303C_sens\EWARM\f303C_sens\Obj\startup_stm32f303xc.o
#        D:\Radio\Jobe\GP2Y0A02YK0F\f303C_sens\EWARM\f303C_sens\Obj\stm32f3xx_hal.o
#        D:\Radio\Jobe\GP2Y0A02YK0F\f303C_sens\EWARM\f303C_sens\Obj\stm32f3xx_hal_adc.o
#        D:\Radio\Jobe\GP2Y0A02YK0F\f303C_sens\EWARM\f303C_sens\Obj\stm32f3xx_hal_adc_ex.o
#        D:\Radio\Jobe\GP2Y0A02YK0F\f303C_sens\EWARM\f303C_sens\Obj\stm32f3xx_hal_cortex.o
#        D:\Radio\Jobe\GP2Y0A02YK0F\f303C_sens\EWARM\f303C_sens\Obj\stm32f3xx_hal_dma.o
#        D:\Radio\Jobe\GP2Y0A02YK0F\f303C_sens\EWARM\f303C_sens\Obj\stm32f3xx_hal_exti.o
#        D:\Radio\Jobe\GP2Y0A02YK0F\f303C_sens\EWARM\f303C_sens\Obj\stm32f3xx_hal_flash.o
#        D:\Radio\Jobe\GP2Y0A02YK0F\f303C_sens\EWARM\f303C_sens\Obj\stm32f3xx_hal_flash_ex.o
#        D:\Radio\Jobe\GP2Y0A02YK0F\f303C_sens\EWARM\f303C_sens\Obj\stm32f3xx_hal_gpio.o
#        D:\Radio\Jobe\GP2Y0A02YK0F\f303C_sens\EWARM\f303C_sens\Obj\stm32f3xx_hal_i2c.o
#        D:\Radio\Jobe\GP2Y0A02YK0F\f303C_sens\EWARM\f303C_sens\Obj\stm32f3xx_hal_i2c_ex.o
#        D:\Radio\Jobe\GP2Y0A02YK0F\f303C_sens\EWARM\f303C_sens\Obj\stm32f3xx_hal_msp.o
#        D:\Radio\Jobe\GP2Y0A02YK0F\f303C_sens\EWARM\f303C_sens\Obj\stm32f3xx_hal_pwr.o
#        D:\Radio\Jobe\GP2Y0A02YK0F\f303C_sens\EWARM\f303C_sens\Obj\stm32f3xx_hal_pwr_ex.o
#        D:\Radio\Jobe\GP2Y0A02YK0F\f303C_sens\EWARM\f303C_sens\Obj\stm32f3xx_hal_rcc.o
#        D:\Radio\Jobe\GP2Y0A02YK0F\f303C_sens\EWARM\f303C_sens\Obj\stm32f3xx_hal_rcc_ex.o
#        D:\Radio\Jobe\GP2Y0A02YK0F\f303C_sens\EWARM\f303C_sens\Obj\stm32f3xx_hal_spi.o
#        D:\Radio\Jobe\GP2Y0A02YK0F\f303C_sens\EWARM\f303C_sens\Obj\stm32f3xx_hal_spi_ex.o
#        D:\Radio\Jobe\GP2Y0A02YK0F\f303C_sens\EWARM\f303C_sens\Obj\stm32f3xx_hal_tim.o
#        D:\Radio\Jobe\GP2Y0A02YK0F\f303C_sens\EWARM\f303C_sens\Obj\stm32f3xx_hal_tim_ex.o
#        D:\Radio\Jobe\GP2Y0A02YK0F\f303C_sens\EWARM\f303C_sens\Obj\stm32f3xx_hal_timebase_tim.o
#        D:\Radio\Jobe\GP2Y0A02YK0F\f303C_sens\EWARM\f303C_sens\Obj\stm32f3xx_hal_uart.o
#        D:\Radio\Jobe\GP2Y0A02YK0F\f303C_sens\EWARM\f303C_sens\Obj\stm32f3xx_hal_uart_ex.o
#        D:\Radio\Jobe\GP2Y0A02YK0F\f303C_sens\EWARM\f303C_sens\Obj\stm32f3xx_it.o
#        D:\Radio\Jobe\GP2Y0A02YK0F\f303C_sens\EWARM\f303C_sens\Obj\stream_buffer.o
#        D:\Radio\Jobe\GP2Y0A02YK0F\f303C_sens\EWARM\f303C_sens\Obj\system_stm32f3xx.o
#        D:\Radio\Jobe\GP2Y0A02YK0F\f303C_sens\EWARM\f303C_sens\Obj\tasks.o
#        D:\Radio\Jobe\GP2Y0A02YK0F\f303C_sens\EWARM\f303C_sens\Obj\tim.o
#        D:\Radio\Jobe\GP2Y0A02YK0F\f303C_sens\EWARM\f303C_sens\Obj\timers.o
#        D:\Radio\Jobe\GP2Y0A02YK0F\f303C_sens\EWARM\f303C_sens\Obj\usart.o
#        --redirect _Printf=_PrintfFull --redirect _Scanf=_ScanfFull
#        --no_out_extension -o
#        D:\Radio\Jobe\GP2Y0A02YK0F\f303C_sens\EWARM\f303C_sens\Exe\f303C_sens.out
#        --map
#        D:\Radio\Jobe\GP2Y0A02YK0F\f303C_sens\EWARM\f303C_sens\List\f303C_sens.map
#        --config
#        D:\Radio\Jobe\GP2Y0A02YK0F\f303C_sens\EWARM/stm32f303xc_flash.icf
#        --semihosting --entry __iar_program_start --vfe --text_out locale)
#
###############################################################################

*******************************************************************************
*** RUNTIME MODEL ATTRIBUTES
***

CppFlavor                     = *
__CPP_Exceptions              = Disabled
__CPP_Language                = C++14
__SystemLibrary               = DLib
__dlib_dynamic_initialization = normal
__dlib_version                = 6


*******************************************************************************
*** HEAP SELECTION
***

The basic heap was selected because no calls to memory allocation
functions were found in the application outside of system library
functions, and there are calls to deallocation functions in the
application.


*******************************************************************************
*** PLACEMENT SUMMARY
***

"A0":  place at address 0x800'0000 { ro section .intvec };
"P1":  place in [from 0x800'0000 to 0x803'ffff] { ro };
define block CSTACK with size = 16K, alignment = 8 { };
define block HEAP with size = 8K, alignment = 8 { };
"P2":  place in [from 0x2000'0000 to 0x2000'9fff] {
          rw, block CSTACK, block HEAP };
initialize by copy { rw };

  Section                Kind         Address    Size  Object
  -------                ----         -------    ----  ------
"A0":                                           0x188
  .intvec                ro code   0x800'0000   0x188  startup_stm32f303xc.o [1]
                                 - 0x800'0188   0x188

"P1":                                          0x53b7
  .text                  ro code   0x800'0188   0x908  stm32f3xx_hal_adc_ex.o [1]
  .text                  ro code   0x800'0a90   0x1d0  adc.o [1]
  .text                  ro code   0x800'0c60   0x268  stm32f3xx_hal_dma.o [1]
  .text                  ro code   0x800'0ec8   0x240  freertos.o [1]
  .text                  ro code   0x800'1108     0x2  stm32f3xx_hal_adc.o [1]
  .text                  ro code   0x800'110a     0x2  stm32f3xx_hal_adc.o [1]
  .text                  ro code   0x800'110c     0xc  stm32f3xx_hal.o [1]
  .text                  ro code   0x800'1118    0x14  memset.o [4]
  .text                  ro code   0x800'112c   0x102  main.o [1]
  .text                  ro code   0x800'122e    0x3a  zero_init3.o [4]
  .text                  ro code   0x800'1268   0x1c4  stm32f3xx_hal_gpio.o [1]
  .text                  ro code   0x800'142c    0x9e  sensor.o [1]
  .rodata                const     0x800'14ca     0x1  unwind_debug.o [5]
  .text                  ro code   0x800'14cc   0x15c  cmsis_os.o [1]
  .text                  ro code   0x800'1628    0x18  ABImemcpy_small.o [4]
  .text                  ro code   0x800'1640   0x630  stm32f3xx_hal_tim.o [1]
  .text                  ro code   0x800'1c70    0x64  filter_sma.o [1]
  .text                  ro code   0x800'1cd4    0xac  flash_user.o [1]
  .text                  ro code   0x800'1d80   0x130  mb.o [1]
  .text                  ro code   0x800'1eb0    0x12  ABImemset_small.o [4]
  .text                  ro code   0x800'1ec4    0x24  stm32f3xx_hal.o [1]
  .text                  ro code   0x800'1ee8    0xb0  gpio.o [1]
  .text                  ro code   0x800'1f98    0x30  dma.o [1]
  .text                  ro code   0x800'1fc8    0xb8  spi.o [1]
  .text                  ro code   0x800'2080    0xb4  usart.o [1]
  .text                  ro code   0x800'2134   0x118  tim.o [1]
  .text                  ro code   0x800'224c   0x504  stm32f3xx_hal_rcc.o [1]
  .text                  ro code   0x800'2750   0x1b4  stm32f3xx_hal_rcc_ex.o [1]
  .text                  ro code   0x800'2904    0x10  stm32f3xx_hal.o [1]
  .text                  ro code   0x800'2914   0x854  tasks.o [1]
  .text                  ro code   0x800'3168   0x5e4  queue.o [1]
  .text                  ro code   0x800'374c     0x2  stm32f3xx_hal_tim.o [1]
  .text                  ro code   0x800'374e     0x2  stm32f3xx_hal_tim.o [1]
  .text                  ro code   0x800'3750     0x2  stm32f3xx_hal_tim_ex.o [1]
  .text                  ro code   0x800'3752     0x2  stm32f3xx_hal_tim_ex.o [1]
  .text                  ro code   0x800'3754     0x2  stm32f3xx_hal_tim.o [1]
  .text                  ro code   0x800'3756     0x2  stm32f3xx_hal_tim_ex.o [1]
  .text                  ro code   0x800'3758     0x2  stm32f3xx_hal_tim.o [1]
  .text                  ro code   0x800'375c     0x6  ABImemclr.o [4]
  .text                  ro code   0x800'3764   0x280  mbrtu.o [1]
  .text                  ro code   0x800'39e4    0x30  portevent.o [1]
  .text                  ro code   0x800'3a14    0x98  stm32f3xx_hal_cortex.o [1]
  .text                  ro code   0x800'3aac    0x78  stm32f3xx_hal_timebase_tim.o [1]
  .text                  ro code   0x800'3b24    0x3c  stm32f3xx_hal_msp.o [1]
  .text                  ro code   0x800'3b60    0xf4  stm32f3xx_hal_spi.o [1]
  .text                  ro code   0x800'3c54    0x94  stm32f3xx_hal_uart_ex.o [1]
  .text                  ro code   0x800'3ce8    0x8c  stm32f3xx_hal_tim_ex.o [1]
  .text                  ro code   0x800'3d74   0x1b4  heap_4.o [1]
  .text                  ro code   0x800'3f28    0x92  list.o [1]
  .text                  ro code   0x800'3fbc   0x1f4  port.o [1]
  .text                  ro code   0x800'41b0    0x94  portserial.o [1]
  .text                  ro code   0x800'4244    0x6c  porttimer.o [1]
  .text                  ro code   0x800'42b0    0x24  ABIassert.o [5]
  .text                  ro code   0x800'42d4    0x30  mbcrc.o [1]
  .text                  ro code   0x800'4304   0x784  stm32f3xx_hal_uart.o [1]
  CODE                   ro code   0x800'4a88    0xb0  portasm.o [1]
  .text                  ro code   0x800'4b38     0x6  abort.o [2]
  .text                  ro code   0x800'4b3e     0x2  stm32f3xx_hal_uart.o [1]
  .text                  ro code   0x800'4b40     0x2  stm32f3xx_hal_uart.o [1]
  .text                  ro code   0x800'4b42     0x2  stm32f3xx_hal_uart.o [1]
  .text                  ro code   0x800'4b44    0x14  exit.o [5]
  .rodata                const     0x800'4b58   0x200  mbcrc.o [1]
  .text                  ro code   0x800'4d58   0x182  mbfuncholding.o [1]
  .text                  ro code   0x800'4edc    0x18  mbutils.o [1]
  .text                  ro code   0x800'4ef4   0x126  mbfunccoils.o [1]
  .rodata                const     0x800'501c    0xac  mbrtu.o [1]
  .text                  ro code   0x800'50c8    0xac  stm32f3xx_it.o [1]
  .text                  ro code   0x800'5174    0x70  mbfuncdisc.o [1]
  .text                  ro code   0x800'51e4    0x60  mbfuncinput.o [1]
  .text                  ro code   0x800'5244    0x38  packbits_init_single.o [4]
  .text                  ro code   0x800'527c    0x28  data_init.o [4]
  .text                  ro code   0x800'52a4    0x22  fpinit_M.o [3]
  .iar.init_table        const     0x800'52c8    0x24  - Linker created -
  .text                  ro code   0x800'52ec    0x20  mbfuncother.o [1]
  .text                  ro code   0x800'530c    0x20  system_stm32f3xx.o [1]
  .text                  ro code   0x800'532c    0x20  cmain_call_ctors.o [4]
  .text                  ro code   0x800'534c    0x18  cppinit.o [2]
  .text                  ro code   0x800'5364    0x1e  cmain.o [4]
  .text                  ro code   0x800'5382     0x4  low_level_init.o [2]
  .text                  ro code   0x800'5386     0x4  exit.o [2]
  .text                  ro code   0x800'538c     0xa  cexit.o [4]
  .text                  ro code   0x800'5398    0x10  startup_stm32f303xc.o [1]
  .rodata                const     0x800'53a8     0xc  freertos.o [1]
  .text                  ro code   0x800'53b4     0xc  cstartup_M.o [4]
  .rodata                const     0x800'53c0     0x8  freertos.o [1]
  .rodata                const     0x800'53c8     0x8  system_stm32f3xx.o [1]
  .text                  ro code   0x800'53d0     0x4  startup_stm32f303xc.o [1]
  .text                  ro code   0x800'53d4     0x4  startup_stm32f303xc.o [1]
  .text                  ro code   0x800'53d8     0x4  startup_stm32f303xc.o [1]
  .text                  ro code   0x800'53dc     0x4  startup_stm32f303xc.o [1]
  .text                  ro code   0x800'53e0     0x4  startup_stm32f303xc.o [1]
  .text                  ro code   0x800'53e4     0x4  startup_stm32f303xc.o [1]
  .text                  ro code   0x800'53e8     0x4  startup_stm32f303xc.o [1]
  .text                  ro code   0x800'53ec     0x4  startup_stm32f303xc.o [1]
  .text                  ro code   0x800'53f0     0x4  startup_stm32f303xc.o [1]
  .text                  ro code   0x800'53f4     0x4  startup_stm32f303xc.o [1]
  .text                  ro code   0x800'53f8     0x4  startup_stm32f303xc.o [1]
  .text                  ro code   0x800'53fc     0x4  startup_stm32f303xc.o [1]
  .text                  ro code   0x800'5400     0x4  startup_stm32f303xc.o [1]
  .text                  ro code   0x800'5404     0x4  startup_stm32f303xc.o [1]
  .text                  ro code   0x800'5408     0x4  startup_stm32f303xc.o [1]
  .text                  ro code   0x800'540c     0x4  startup_stm32f303xc.o [1]
  .text                  ro code   0x800'5410     0x4  startup_stm32f303xc.o [1]
  .text                  ro code   0x800'5414     0x4  startup_stm32f303xc.o [1]
  .text                  ro code   0x800'5418     0x4  startup_stm32f303xc.o [1]
  .text                  ro code   0x800'541c     0x4  startup_stm32f303xc.o [1]
  .text                  ro code   0x800'5420     0x4  startup_stm32f303xc.o [1]
  .text                  ro code   0x800'5424     0x4  startup_stm32f303xc.o [1]
  .text                  ro code   0x800'5428     0x4  startup_stm32f303xc.o [1]
  .text                  ro code   0x800'542c     0x4  startup_stm32f303xc.o [1]
  .text                  ro code   0x800'5430     0x4  startup_stm32f303xc.o [1]
  .text                  ro code   0x800'5434     0x4  startup_stm32f303xc.o [1]
  .text                  ro code   0x800'5438     0x4  startup_stm32f303xc.o [1]
  .text                  ro code   0x800'543c     0x4  startup_stm32f303xc.o [1]
  .text                  ro code   0x800'5440     0x4  startup_stm32f303xc.o [1]
  .text                  ro code   0x800'5444     0x4  startup_stm32f303xc.o [1]
  .text                  ro code   0x800'5448     0x4  startup_stm32f303xc.o [1]
  .text                  ro code   0x800'544c     0x4  startup_stm32f303xc.o [1]
  .text                  ro code   0x800'5450     0x4  startup_stm32f303xc.o [1]
  .text                  ro code   0x800'5454     0x4  startup_stm32f303xc.o [1]
  .text                  ro code   0x800'5458     0x4  startup_stm32f303xc.o [1]
  .text                  ro code   0x800'545c     0x4  startup_stm32f303xc.o [1]
  .text                  ro code   0x800'5460     0x4  startup_stm32f303xc.o [1]
  .text                  ro code   0x800'5464     0x4  startup_stm32f303xc.o [1]
  .text                  ro code   0x800'5468     0x4  startup_stm32f303xc.o [1]
  .text                  ro code   0x800'546c     0x4  startup_stm32f303xc.o [1]
  .text                  ro code   0x800'5470     0x4  startup_stm32f303xc.o [1]
  .text                  ro code   0x800'5474     0x4  startup_stm32f303xc.o [1]
  .text                  ro code   0x800'5478     0x4  startup_stm32f303xc.o [1]
  .text                  ro code   0x800'547c     0x4  startup_stm32f303xc.o [1]
  .text                  ro code   0x800'5480     0x4  startup_stm32f303xc.o [1]
  .text                  ro code   0x800'5484     0x4  startup_stm32f303xc.o [1]
  .text                  ro code   0x800'5488     0x4  startup_stm32f303xc.o [1]
  .text                  ro code   0x800'548c     0x4  startup_stm32f303xc.o [1]
  .text                  ro code   0x800'5490     0x4  startup_stm32f303xc.o [1]
  .text                  ro code   0x800'5494     0x4  startup_stm32f303xc.o [1]
  .text                  ro code   0x800'5498     0x4  startup_stm32f303xc.o [1]
  .text                  ro code   0x800'549c     0x4  startup_stm32f303xc.o [1]
  .text                  ro code   0x800'54a0     0x4  startup_stm32f303xc.o [1]
  .text                  ro code   0x800'54a4     0x4  startup_stm32f303xc.o [1]
  .text                  ro code   0x800'54a8     0x4  startup_stm32f303xc.o [1]
  .text                  ro code   0x800'54ac     0x4  startup_stm32f303xc.o [1]
  .text                  ro code   0x800'54b0     0x4  startup_stm32f303xc.o [1]
  .text                  ro code   0x800'54b4     0x4  startup_stm32f303xc.o [1]
  .text                  ro code   0x800'54b8     0x4  startup_stm32f303xc.o [1]
  .text                  ro code   0x800'54bc     0x4  startup_stm32f303xc.o [1]
  .text                  ro code   0x800'54c0     0x4  startup_stm32f303xc.o [1]
  .text                  ro code   0x800'54c4     0x4  startup_stm32f303xc.o [1]
  SHT$$PREINIT_ARRAY               0x800'54c8     0x0  <Block>
  SHT$$INIT_ARRAY                  0x800'54c8     0x4  <Block>
    .init_array          const     0x800'54c8     0x4  freertos.o [1]
  __iar_tls$$INIT_ARRAY            0x800'54cc     0x0  <Block>
  .rodata                const     0x800'54cc     0x0  zero_init3.o [4]
  .rodata                const     0x800'54cc     0x0  packbits_init_single.o [4]
  Initializer bytes      const     0x800'54cc    0x73  <for P2-1>
                                 - 0x800'553f  0x53b7

"P2", part 1 of 3:                               0xd8
  P2-1                            0x2000'0000    0xd8  <Init block>
    .data                inited   0x2000'0000     0xc  main.o [1]
    .data                inited   0x2000'000c    0x2c  mb.o [1]
    .data                inited   0x2000'0038    0x80  mb.o [1]
    .data                inited   0x2000'00b8     0xc  port.o [1]
    .data                inited   0x2000'00c4     0x4  portserial.o [1]
    .data                inited   0x2000'00c8     0xc  stm32f3xx_hal.o [1]
    .data                inited   0x2000'00d4     0x4  system_stm32f3xx.o [1]
                                - 0x2000'00d8    0xd8

"P2", part 2 of 3:                             0x1c34
  .bss                   zero     0x2000'00d8   0xc18  heap_4.o [1]
  .bss                   zero     0x2000'0cf0   0x800  freertos.o [1]
  .bss                   zero     0x2000'14f0   0x254  freertos.o [1]
  .bss                   zero     0x2000'1744   0x100  mbrtu.o [1]
  .bss                   zero     0x2000'1844    0xb8  freertos.o [1]
  .bss                   zero     0x2000'18fc    0x9c  tasks.o [1]
  .bss                   zero     0x2000'1998    0x8c  tasks.o [1]
  .bss                   zero     0x2000'1a24    0x84  usart.o [1]
  .bss                   zero     0x2000'1aa8    0x64  spi.o [1]
  .bss                   zero     0x2000'1b0c    0x50  adc.o [1]
  .bss                   zero     0x2000'1b5c    0x50  adc.o [1]
  .bss                   zero     0x2000'1bac    0x4c  stm32f3xx_hal_timebase_tim.o [1]
  .bss                   zero     0x2000'1bf8    0x4c  tim.o [1]
  .bss                   zero     0x2000'1c44    0x4c  tim.o [1]
  .bss                   zero     0x2000'1c90    0x48  adc.o [1]
  .bss                   zero     0x2000'1cd8    0x22  mbfuncother.o [1]
  .bss                   zero     0x2000'1cfa     0x2  portevent.o [1]
  .bss                   zero     0x2000'1cfc     0xc  mbrtu.o [1]
  .bss                   zero     0x2000'1d08     0x4  porttimer.o [1]
                                - 0x2000'1d0c  0x1c34

"P2", part 3 of 3:                             0x4000
  CSTACK                          0x2000'1d10  0x4000  <Block>
    CSTACK               uninit   0x2000'1d10  0x4000  <Block tail>
                                - 0x2000'5d10  0x4000

Unused ranges:

         From           To      Size
         ----           --      ----
   0x800'553f   0x803'ffff  0x3'aac1
  0x2000'1d0c  0x2000'1d0f       0x4
  0x2000'5d10  0x2000'9fff    0x42f0


*******************************************************************************
*** INIT TABLE
***

          Address      Size
          -------      ----
Zero (__iar_zero_init3)
    1 destination range, total size 0x1c34:
          0x2000'00d8  0x1c34

Copy/packbits (__iar_packbits_init_single3)
    1 source range, total size 0x73 (53% of destination):
           0x800'54cc    0x73
    1 destination range, total size 0xd8:
          0x2000'0000    0xd8

Extra (__iar_cstart_call_ctors)



*******************************************************************************
*** MODULE SUMMARY
***

    Module                        ro code  ro data  rw data
    ------                        -------  -------  -------
command line/config:
    -------------------------------------------------------
    Total:

D:\Radio\Jobe\GP2Y0A02YK0F\f303C_sens\EWARM\f303C_sens\Obj: [1]
    adc.o                             464               232
    cmsis_os.o                        348
    dma.o                              48
    filter_sma.o                      100
    flash_user.o                      172
    freertos.o                        576       24    2'828
    gpio.o                            176
    heap_4.o                          436             3'096
    list.o                            146
    main.o                            258        6       12
    mb.o                              304       91      172
    mbcrc.o                            48      512
    mbfunccoils.o                     294
    mbfuncdisc.o                      112
    mbfuncholding.o                   386
    mbfuncinput.o                      96
    mbfuncother.o                      32                34
    mbrtu.o                           640      172      268
    mbutils.o                          24
    port.o                            500        7       12
    portasm.o                         176
    portevent.o                        48                 2
    portserial.o                      148        2        4
    porttimer.o                       108                 4
    queue.o                         1'508
    sensor.o                          158
    spi.o                             184               100
    startup_stm32f303xc.o             656
    stm32f3xx_hal.o                    64        6       12
    stm32f3xx_hal_adc.o                 4
    stm32f3xx_hal_adc_ex.o          2'312
    stm32f3xx_hal_cortex.o            152
    stm32f3xx_hal_dma.o               616
    stm32f3xx_hal_gpio.o              452
    stm32f3xx_hal_msp.o                60
    stm32f3xx_hal_rcc.o             1'284
    stm32f3xx_hal_rcc_ex.o            436
    stm32f3xx_hal_spi.o               244
    stm32f3xx_hal_tim.o             1'592
    stm32f3xx_hal_tim_ex.o            146
    stm32f3xx_hal_timebase_tim.o      120                76
    stm32f3xx_hal_uart.o            1'930
    stm32f3xx_hal_uart_ex.o           148
    stm32f3xx_it.o                    172
    system_stm32f3xx.o                 32       11        4
    tasks.o                         2'132               296
    tim.o                             280               152
    usart.o                           180               132
    -------------------------------------------------------
    Total:                         20'502      831    7'436

dl7M_tlf.a: [2]
    abort.o                             6
    cppinit.o                          24
    exit.o                              4
    low_level_init.o                    4
    -------------------------------------------------------
    Total:                             38

m7M_tls.a: [3]
    fpinit_M.o                         34
    -------------------------------------------------------
    Total:                             34

rt7M_tl.a: [4]
    ABImemclr.o                         6
    ABImemcpy_small.o                  24
    ABImemset_small.o                  18
    cexit.o                            10
    cmain.o                            30
    cmain_call_ctors.o                 32
    cstartup_M.o                       12
    data_init.o                        40
    memset.o                           20
    packbits_init_single.o             56
    zero_init3.o                       58
    -------------------------------------------------------
    Total:                            306

shb_l.a: [5]
    ABIassert.o                        36
    exit.o                             20
    unwind_debug.o                               1
    -------------------------------------------------------
    Total:                             56        1

    Gaps                               15        4
    Linker created                              36   16'384
-----------------------------------------------------------
    Grand Total:                   20'951      872   23'820


*******************************************************************************
*** ENTRY LIST
***

Entry                       Address   Size  Type      Object
-----                       -------   ----  ----      ------
.iar.init_table$$Base    0x800'52c8          --   Gb  - Linker created -
.iar.init_table$$Limit   0x800'52ec          --   Gb  - Linker created -
?main                    0x800'5365         Code  Gb  cmain.o [4]
ADC_DMAConvCplt          0x800'0947   0x44  Code  Lc  stm32f3xx_hal_adc_ex.o [1]
ADC_DMAError             0x800'0991   0x16  Code  Lc  stm32f3xx_hal_adc_ex.o [1]
ADC_DMAHalfConvCplt      0x800'098b    0x6  Code  Lc  stm32f3xx_hal_adc_ex.o [1]
ADC_Disable              0x800'09fb   0x64  Code  Lc  stm32f3xx_hal_adc_ex.o [1]
ADC_Enable               0x800'09a7   0x54  Code  Lc  stm32f3xx_hal_adc_ex.o [1]
ADC_endHandle           0x2000'1888    0x4  Data  Gb  freertos.o [1]
AHBPrescTable            0x800'531c   0x10  Data  Gb  system_stm32f3xx.o [1]
APBPrescTable            0x800'53c8    0x8  Data  Gb  system_stm32f3xx.o [1]
BusFault_Handler         0x800'50cf    0x2  Code  Gb  stm32f3xx_it.o [1]
CSTACK$$Base            0x2000'1d10          --   Gb  - Linker created -
CSTACK$$Limit           0x2000'5d10          --   Gb  - Linker created -
DMA1_Channel1_IRQHandler
                         0x800'50d5    0x6  Code  Gb  stm32f3xx_it.o [1]
DMA_CalcBaseAndBitshift
                         0x800'0e85   0x2e  Code  Lc  stm32f3xx_hal_dma.o [1]
DMA_SetConfig            0x800'0e63   0x22  Code  Lc  stm32f3xx_hal_dma.o [1]
DebugMon_Handler         0x800'50d3    0x2  Code  Gb  stm32f3xx_it.o [1]
Error_Handler            0x800'122d    0x2  Code  Gb  main.o [1]
Flash_Read(settings_t *, unsigned int)
                         0x800'1d0b   0x12  Code  Gb  flash_user.o [1]
Flash_Write(settings_t, unsigned int)
                         0x800'1cd5   0x36  Code  Gb  flash_user.o [1]
HAL_ADCEx_MultiModeConfigChannel
                         0x800'0859   0xe4  Code  Gb  stm32f3xx_hal_adc_ex.o [1]
HAL_ADC_ConfigChannel    0x800'0535  0x2ec  Code  Gb  stm32f3xx_hal_adc_ex.o [1]
HAL_ADC_ConvCpltCallback
                         0x800'0fdf    0x8  Code  Gb  freertos.o [1]
HAL_ADC_ConvHalfCpltCallback
                         0x800'1109    0x2  Code  Wk  stm32f3xx_hal_adc.o [1]
HAL_ADC_ErrorCallback    0x800'110b    0x2  Code  Wk  stm32f3xx_hal_adc.o [1]
HAL_ADC_Init             0x800'0189  0x216  Code  Gb  stm32f3xx_hal_adc_ex.o [1]
HAL_ADC_MspInit          0x800'0b95   0x72  Code  Gb  adc.o [1]
HAL_ADC_Start_DMA        0x800'03ab  0x12a  Code  Gb  stm32f3xx_hal_adc_ex.o [1]
HAL_DMA_Abort            0x800'0d23   0x40  Code  Gb  stm32f3xx_hal_dma.o [1]
HAL_DMA_Abort_IT         0x800'0d63   0x40  Code  Gb  stm32f3xx_hal_dma.o [1]
HAL_DMA_IRQHandler       0x800'0db3   0xa6  Code  Gb  stm32f3xx_hal_dma.o [1]
HAL_DMA_Init             0x800'0c61   0x4e  Code  Gb  stm32f3xx_hal_dma.o [1]
HAL_DMA_Start_IT         0x800'0caf   0x74  Code  Gb  stm32f3xx_hal_dma.o [1]
HAL_GPIO_Init            0x800'1269  0x19e  Code  Gb  stm32f3xx_hal_gpio.o [1]
HAL_GPIO_WritePin        0x800'1407    0xa  Code  Gb  stm32f3xx_hal_gpio.o [1]
HAL_GetTick              0x800'110d    0xc  Code  Wk  stm32f3xx_hal.o [1]
HAL_IncTick              0x800'2905   0x10  Code  Wk  stm32f3xx_hal.o [1]
HAL_Init                 0x800'1ec5   0x20  Code  Gb  stm32f3xx_hal.o [1]
HAL_InitTick             0x800'3aad   0x68  Code  Gb  stm32f3xx_hal_timebase_tim.o [1]
HAL_MspInit              0x800'3b25   0x3c  Code  Gb  stm32f3xx_hal_msp.o [1]
HAL_NVIC_EnableIRQ       0x800'3a83   0x16  Code  Gb  stm32f3xx_hal_cortex.o [1]
HAL_NVIC_SetPriority     0x800'3a49   0x3a  Code  Gb  stm32f3xx_hal_cortex.o [1]
HAL_NVIC_SetPriorityGrouping
                         0x800'3a2f   0x1a  Code  Gb  stm32f3xx_hal_cortex.o [1]
HAL_RCCEx_PeriphCLKConfig
                         0x800'2751  0x1a8  Code  Gb  stm32f3xx_hal_rcc_ex.o [1]
HAL_RCC_ADC12_CLK_ENABLED
                        0x2000'1cd4    0x4  Data  Lc  adc.o [1]
HAL_RCC_ClockConfig      0x800'255d   0xde  Code  Gb  stm32f3xx_hal_rcc.o [1]
HAL_RCC_GetClockConfig   0x800'26c5   0x36  Code  Gb  stm32f3xx_hal_rcc.o [1]
HAL_RCC_GetPCLK1Freq     0x800'26a1   0x10  Code  Gb  stm32f3xx_hal_rcc.o [1]
HAL_RCC_GetPCLK2Freq     0x800'26b1    0xe  Code  Gb  stm32f3xx_hal_rcc.o [1]
HAL_RCC_GetSysClockFreq
                         0x800'2659   0x48  Code  Gb  stm32f3xx_hal_rcc.o [1]
HAL_RCC_OscConfig        0x800'224d  0x308  Code  Gb  stm32f3xx_hal_rcc.o [1]
HAL_RS485Ex_Init         0x800'3c55   0x7a  Code  Gb  stm32f3xx_hal_uart_ex.o [1]
HAL_SPI_Init             0x800'3b61   0xdc  Code  Gb  stm32f3xx_hal_spi.o [1]
HAL_SPI_MspInit          0x800'200f   0x60  Code  Gb  spi.o [1]
HAL_TIMEx_Break2Callback
                         0x800'3753    0x2  Code  Wk  stm32f3xx_hal_tim_ex.o [1]
HAL_TIMEx_BreakCallback
                         0x800'3751    0x2  Code  Wk  stm32f3xx_hal_tim_ex.o [1]
HAL_TIMEx_CommutCallback
                         0x800'3757    0x2  Code  Wk  stm32f3xx_hal_tim_ex.o [1]
HAL_TIMEx_MasterConfigSynchronization
                         0x800'3ce9   0x76  Code  Gb  stm32f3xx_hal_tim_ex.o [1]
HAL_TIM_Base_Init        0x800'1641   0x1a  Code  Gb  stm32f3xx_hal_tim.o [1]
HAL_TIM_Base_MspInit     0x800'2205   0x34  Code  Gb  tim.o [1]
HAL_TIM_Base_Start_IT    0x800'165b   0x74  Code  Gb  stm32f3xx_hal_tim.o [1]
HAL_TIM_Base_Stop_IT     0x800'16cf   0x1e  Code  Gb  stm32f3xx_hal_tim.o [1]
HAL_TIM_IRQHandler       0x800'1765  0x15c  Code  Gb  stm32f3xx_hal_tim.o [1]
HAL_TIM_OC_ConfigChannel
                         0x800'18c7   0x68  Code  Gb  stm32f3xx_hal_tim.o [1]
HAL_TIM_OC_Init          0x800'1701   0x18  Code  Gb  stm32f3xx_hal_tim.o [1]
HAL_TIM_OC_MspInit       0x800'21e3   0x22  Code  Gb  tim.o [1]
HAL_TIM_PeriodElapsedCallback
                         0x800'1211    0xe  Code  Gb  main.o [1]
HAL_UARTEx_WakeupCallback
                         0x800'3ce7    0x2  Code  Wk  stm32f3xx_hal_uart_ex.o [1]
HAL_UART_IRQHandler      0x800'43fd  0x252  Code  Gb  stm32f3xx_hal_uart.o [1]
HAL_UART_MspInit         0x800'20b7   0x72  Code  Gb  usart.o [1]
HAL_UART_Transmit        0x800'4305   0xb8  Code  Gb  stm32f3xx_hal_uart.o [1]
HardFault_Handler        0x800'50cb    0x2  Code  Gb  stm32f3xx_it.o [1]
MX_ADC1_Init             0x800'0a91   0x92  Code  Gb  adc.o [1]
MX_ADC2_Init             0x800'0b23   0x68  Code  Gb  adc.o [1]
MX_DMA_Init              0x800'1f99   0x30  Code  Gb  dma.o [1]
MX_FREERTOS_Init()       0x800'0ef9   0x48  Code  Gb  freertos.o [1]
MX_GPIO_Init             0x800'1ee9   0x94  Code  Gb  gpio.o [1]
MX_SPI2_Init             0x800'1fc9   0x46  Code  Gb  spi.o [1]
MX_TIM3_Init             0x800'2135   0x6a  Code  Gb  tim.o [1]
MX_TIM6_Init             0x800'219f   0x3a  Code  Gb  tim.o [1]
MX_USART1_UART_Init      0x800'2081   0x36  Code  Gb  usart.o [1]
MainTaskHandle          0x2000'1880    0x4  Data  Gb  freertos.o [1]
MemManage_Handler        0x800'50cd    0x2  Code  Gb  stm32f3xx_it.o [1]
ModbusHandle            0x2000'1884    0x4  Data  Gb  freertos.o [1]
NMI_Handler              0x800'50c9    0x2  Code  Gb  stm32f3xx_it.o [1]
PendSV_Handler           0x800'4a89         Code  Gb  portasm.o [1]
Region$$Table$$Base      0x800'52c8          --   Gb  - Linker created -
Region$$Table$$Limit     0x800'52ec          --   Gb  - Linker created -
SHT$$INIT_ARRAY$$Base    0x800'54c8          --   Gb  - Linker created -
SHT$$INIT_ARRAY$$Limit   0x800'54cc          --   Gb  - Linker created -
SHT$$PREINIT_ARRAY$$Base
                         0x800'54c8          --   Gb  - Linker created -
SHT$$PREINIT_ARRAY$$Limit
                         0x800'54c8          --   Gb  - Linker created -
SVC_Handler              0x800'4ae1         Code  Gb  portasm.o [1]
Sensor1                 0x2000'1848   0x38  Data  Gb  freertos.o [1]
Sensor2                 0x2000'188c   0x38  Data  Gb  freertos.o [1]
Sensor3                 0x2000'18c4   0x38  Data  Gb  freertos.o [1]
SysTick_Handler          0x800'40f9   0x26  Code  Gb  port.o [1]
SystemClock_Config()     0x800'119f   0x72  Code  Gb  main.o [1]
SystemCoreClock         0x2000'00d4    0x4  Data  Gb  system_stm32f3xx.o [1]
SystemInit               0x800'530d    0xc  Code  Gb  system_stm32f3xx.o [1]
TIM6_DAC_IRQHandler      0x800'511b   0x34  Code  Gb  stm32f3xx_it.o [1]
TIM7_IRQHandler          0x800'514f    0x6  Code  Gb  stm32f3xx_it.o [1]
TIM_Base_SetConfig       0x800'1941   0xa0  Code  Gb  stm32f3xx_hal_tim.o [1]
TIM_OC1_SetConfig        0x800'19e1   0x82  Code  Lc  stm32f3xx_hal_tim.o [1]
TIM_OC2_SetConfig        0x800'1a63   0x72  Code  Gb  stm32f3xx_hal_tim.o [1]
TIM_OC3_SetConfig        0x800'1ad5   0x70  Code  Lc  stm32f3xx_hal_tim.o [1]
TIM_OC4_SetConfig        0x800'1b45   0x4e  Code  Lc  stm32f3xx_hal_tim.o [1]
TIM_OC5_SetConfig        0x800'1b93   0x54  Code  Lc  stm32f3xx_hal_tim.o [1]
TIM_OC6_SetConfig        0x800'1be7   0x4e  Code  Lc  stm32f3xx_hal_tim.o [1]
UART_AdvFeatureConfig    0x800'4839   0xc6  Code  Gb  stm32f3xx_hal_uart.o [1]
UART_CheckIdleState      0x800'48ff   0x5c  Code  Gb  stm32f3xx_hal_uart.o [1]
UART_DMAAbortOnError     0x800'4a79   0x10  Code  Lc  stm32f3xx_hal_uart.o [1]
UART_EndRxTransfer       0x800'4a0f   0x26  Code  Lc  stm32f3xx_hal_uart.o [1]
UART_SetConfig           0x800'4675  0x1a0  Code  Gb  stm32f3xx_hal_uart.o [1]
UART_WaitOnFlagUntilTimeout
                         0x800'495b   0x78  Code  Gb  stm32f3xx_hal_uart.o [1]
USART1_IRQHandler        0x800'50db   0x40  Code  Gb  stm32f3xx_it.o [1]
UsageFault_Handler       0x800'50d1    0x2  Code  Gb  stm32f3xx_it.o [1]
__NVIC_SetPriority       0x800'3a15   0x1a  Code  Lc  stm32f3xx_hal_cortex.o [1]
__aeabi_assert           0x800'42b1   0x24  Code  Gb  ABIassert.o [5]
__aeabi_memclr           0x800'375d         Code  Gb  ABImemclr.o [4]
__call_ctors             0x800'534d   0x18  Code  Gb  cppinit.o [2]
__cmain                  0x800'5365         Code  Gb  cmain.o [4]
__exit                   0x800'4b45   0x14  Code  Gb  exit.o [5]
__iar_cstart_call_ctors
                         0x800'532d   0x20  Code  Gb  cmain_call_ctors.o [4]
__iar_data_init3         0x800'527d   0x28  Code  Gb  data_init.o [4]
__iar_debug_exceptions   0x800'14ca    0x1  Data  Gb  unwind_debug.o [5]
__iar_init_vfp           0x800'52a5         Code  Gb  fpinit_M.o [3]
__iar_packbits_init_single3
                         0x800'5245   0x38  Code  Gb  packbits_init_single.o [4]
__iar_program_start      0x800'53b5         Code  Gb  cstartup_M.o [4]
__iar_small_Memcpy       0x800'162d         Code  Gb  ABImemcpy_small.o [4]
__iar_small_Memset       0x800'1eb1         Code  Gb  ABImemset_small.o [4]
__iar_small_Memset_word
                         0x800'1eb1         Code  Gb  ABImemset_small.o [4]
__iar_small_memcpy       0x800'1629         Code  Gb  ABImemcpy_small.o [4]
__iar_small_memcpy4      0x800'1629         Code  Gb  ABImemcpy_small.o [4]
__iar_small_memcpy8      0x800'1629         Code  Gb  ABImemcpy_small.o [4]
__iar_small_memset       0x800'1eb1         Code  Gb  ABImemset_small.o [4]
__iar_tls$$INIT_ARRAY$$Base
                         0x800'54cc          --   Gb  - Linker created -
__iar_tls$$INIT_ARRAY$$Limit
                         0x800'54cc          --   Gb  - Linker created -
__iar_zero_init3         0x800'122f   0x3a  Code  Gb  zero_init3.o [4]
__low_level_init         0x800'5383    0x4  Code  Gb  low_level_init.o [2]
__sti__routine           0x800'0ec9   0x1e  Code  Lc  freertos.o [1]
__vector_table           0x800'0000         Data  Gb  startup_stm32f303xc.o [1]
_call_main               0x800'5371         Code  Gb  cmain.o [4]
_exit                    0x800'538d         Code  Gb  cexit.o [4]
_main                    0x800'537f         Code  Gb  cmain.o [4]
aPLLMULFactorTable       0x800'2730   0x10  Data  Gb  stm32f3xx_hal_rcc.o [1]
aPredivFactorTable       0x800'2740   0x10  Data  Gb  stm32f3xx_hal_rcc.o [1]
abort                    0x800'4b39    0x6  Code  Gb  abort.o [2]
adc_buffer              0x2000'0cf0  0x800  Data  Gb  freertos.o [1]
aucCRCHi                 0x800'4b58  0x100  Data  Lc  mbcrc.o [1]
aucCRCLo                 0x800'4c58  0x100  Data  Lc  mbcrc.o [1]
call                    0x2000'1844    0x2  Data  Gb  freertos.o [1]
downcounter             0x2000'1d0a    0x2  Data  Gb  porttimer.o [1]
eMBEnable                0x800'1dd9   0x1a  Code  Gb  mb.o [1]
eMBFuncReadCoils         0x800'4ef5   0x68  Code  Gb  mbfunccoils.o [1]
eMBFuncReadDiscreteInputs
                         0x800'5175   0x70  Code  Gb  mbfuncdisc.o [1]
eMBFuncReadHoldingRegister
                         0x800'4ddd   0x5c  Code  Gb  mbfuncholding.o [1]
eMBFuncReadInputRegister
                         0x800'51e5   0x60  Code  Gb  mbfuncinput.o [1]
eMBFuncReadWriteMultipleHoldingRegister
                         0x800'4e39   0xa2  Code  Gb  mbfuncholding.o [1]
eMBFuncReportSlaveID     0x800'52ed   0x18  Code  Gb  mbfuncother.o [1]
eMBFuncWriteCoil         0x800'4f5d   0x54  Code  Gb  mbfunccoils.o [1]
eMBFuncWriteHoldingRegister
                         0x800'4d59   0x32  Code  Gb  mbfuncholding.o [1]
eMBFuncWriteMultipleCoils
                         0x800'4fb1   0x5a  Code  Gb  mbfunccoils.o [1]
eMBFuncWriteMultipleHoldingRegister
                         0x800'4d8b   0x52  Code  Gb  mbfuncholding.o [1]
eMBInit                  0x800'1d81   0x58  Code  Gb  mb.o [1]
eMBPoll                  0x800'1df3   0x98  Code  Gb  mb.o [1]
eMBPoll::ucFunctionCode
                        0x2000'000f    0x1  Data  Lc  mb.o [1]
eMBPoll::ucMBFrame      0x2000'0034    0x4  Data  Lc  mb.o [1]
eMBPoll::ucRcvAddress   0x2000'000e    0x1  Data  Lc  mb.o [1]
eMBPoll::usLength       0x2000'0010    0x2  Data  Lc  mb.o [1]
eMBRTUInit               0x800'3765   0x3a  Code  Gb  mbrtu.o [1]
eMBRTUReceive            0x800'37c9   0x56  Code  Gb  mbrtu.o [1]
eMBRTUSend               0x800'381f   0x50  Code  Gb  mbrtu.o [1]
eMBRTUStart              0x800'379f   0x16  Code  Gb  mbrtu.o [1]
eMBRTUStop               0x800'37b5   0x14  Code  Gb  mbrtu.o [1]
eMBRegCoilsCB            0x800'10c1    0x4  Code  Gb  freertos.o [1]
eMBRegDiscreteCB         0x800'10c5    0x4  Code  Gb  freertos.o [1]
eMBRegHoldingCB          0x800'0fed   0xb4  Code  Gb  freertos.o [1]
eMBRegInputCB            0x800'0fe7    0x4  Code  Gb  freertos.o [1]
eMBState                0x2000'000d    0x1  Data  Lc  mb.o [1]
eQueuedEvent            0x2000'1cfa    0x1  Data  Lc  portevent.o [1]
eRcvState               0x2000'1cfd    0x1  Data  Lc  mbrtu.o [1]
eSndState               0x2000'1cfc    0x1  Data  Lc  mbrtu.o [1]
exit                     0x800'5387    0x4  Code  Gb  exit.o [2]
filter::Filter_SMA(unsigned short)
                         0x800'1c73   0x4c  Code  Gb  filter_sma.o [1]
filter::filter()         0x800'1cbf   0x16  Code  Gb  filter_sma.o [1]
filter::filter() [subobject]
                         0x800'1c71    0x2  Code  Gb  filter_sma.o [1]
flash_erase_page(unsigned int)
                         0x800'1d1d   0x24  Code  Gb  flash_user.o [1]
flash_write(unsigned int, unsigned int)
                         0x800'1d41   0x2e  Code  Gb  flash_user.o [1]
hadc1                   0x2000'1b0c   0x50  Data  Gb  adc.o [1]
hadc2                   0x2000'1b5c   0x50  Data  Gb  adc.o [1]
hdma_adc1               0x2000'1c90   0x44  Data  Gb  adc.o [1]
hspi2                   0x2000'1aa8   0x64  Data  Gb  spi.o [1]
htim3                   0x2000'1bf8   0x4c  Data  Gb  tim.o [1]
htim6                   0x2000'1c44   0x4c  Data  Gb  tim.o [1]
htim7                   0x2000'1bac   0x4c  Data  Gb  stm32f3xx_hal_timebase_tim.o [1]
huart1                  0x2000'1a24   0x84  Data  Gb  usart.o [1]
main                     0x800'112d   0x72  Code  Gb  main.o [1]
mainTask(void const *)   0x800'0f41   0x80  Code  Gb  freertos.o [1]
makeFreeRtosPriority     0x800'14cd    0xc  Code  Lc  cmsis_os.o [1]
memset                   0x800'1119   0x14  Code  Gb  memset.o [4]
modbus(void const *)     0x800'0fc1   0x1e  Code  Gb  freertos.o [1]
osDelay                  0x800'1541    0xe  Code  Gb  cmsis_os.o [1]
osKernelStart            0x800'14d9    0xa  Code  Gb  cmsis_os.o [1]
osSemaphoreCreate        0x800'154f   0x3e  Code  Gb  cmsis_os.o [1]
osSemaphoreRelease       0x800'15db   0x36  Code  Gb  cmsis_os.o [1]
osSemaphoreWait          0x800'158d   0x42  Code  Gb  cmsis_os.o [1]
osThreadCreate           0x800'14e3   0x5e  Code  Gb  cmsis_os.o [1]
peMBFrameReceiveCur     0x2000'0020    0x4  Data  Lc  mb.o [1]
peMBFrameSendCur        0x2000'0014    0x4  Data  Lc  mb.o [1]
prvAddCurrentTaskToDelayedList
                         0x800'30ed   0x5e  Code  Lc  tasks.o [1]
prvAddNewTaskToReadyList
                         0x800'2a45   0xa8  Code  Lc  tasks.o [1]
prvCopyDataFromQueue     0x800'36a3   0x28  Code  Lc  queue.o [1]
prvCopyDataToQueue       0x800'363b   0x68  Code  Lc  queue.o [1]
prvDeleteTCB             0x800'2ea3   0x2e  Code  Lc  tasks.o [1]
prvIdleTask              0x800'2e61   0x42  Code  Lc  tasks.o [1]
prvInitialiseNewQueue    0x800'327d   0x16  Code  Lc  queue.o [1]
prvInitialiseNewTask     0x800'29cd   0x78  Code  Lc  tasks.o [1]
prvInsertBlockIntoFreeList
                         0x800'3edb   0x46  Code  Lc  heap_4.o [1]
prvIsQueueEmpty          0x800'3733   0x16  Code  Lc  queue.o [1]
prvResetNextTaskUnblockTime
                         0x800'2ed1   0x1a  Code  Lc  tasks.o [1]
prvTaskExitError         0x800'3fe5   0x1c  Code  Lc  port.o [1]
prvUnlockQueue           0x800'36cb   0x68  Code  Lc  queue.o [1]
prveMBError2Exception    0x800'4edd   0x18  Code  Gb  mbutils.o [1]
pucSndBufferCur         0x2000'1d04    0x4  Data  Lc  mbrtu.o [1]
pvMBFrameCloseCur       0x2000'0024    0x4  Data  Lc  mb.o [1]
pvMBFrameStartCur       0x2000'0018    0x4  Data  Lc  mb.o [1]
pvMBFrameStopCur        0x2000'001c    0x4  Data  Lc  mb.o [1]
pvPortMalloc             0x800'3d75  0x104  Code  Gb  heap_4.o [1]
pvTaskIncrementMutexHeldCount
                         0x800'30b3   0x14  Code  Gb  tasks.o [1]
pxCurrentTCB            0x2000'1924    0x4  Data  Gb  tasks.o [1]
pxDelayedTaskList       0x2000'1928    0x4  Data  Lc  tasks.o [1]
pxEnd                   0x2000'00e0    0x4  Data  Lc  heap_4.o [1]
pxMBFrameCBByteReceived
                        0x2000'0028    0x4  Data  Gb  mb.o [1]
pxMBFrameCBTransmitterEmpty
                        0x2000'002c    0x4  Data  Gb  mb.o [1]
pxMBPortCBTimerExpired  0x2000'0030    0x4  Data  Gb  mb.o [1]
pxOverflowDelayedTaskList
                        0x2000'192c    0x4  Data  Lc  tasks.o [1]
pxPortInitialiseStack    0x800'3fbd   0x26  Code  Gb  port.o [1]
pxReadyTasksLists       0x2000'1998   0x8c  Data  Lc  tasks.o [1]
sensor::Call(unsigned short *)
                         0x800'1491   0x30  Code  Gb  sensor.o [1]
sensor::Get_Result()     0x800'14c7    0x4  Code  Gb  sensor.o [1]
sensor::detectPoll()     0x800'1453   0x3e  Code  Gb  sensor.o [1]
sensor::getdetect()      0x800'14c1    0x6  Code  Gb  sensor.o [1]
sensor::sensor()         0x800'142d   0x26  Code  Gb  sensor.o [1]
serial                  0x2000'00c4    0x4  Data  Gb  portserial.o [1]
settings                0x2000'0000    0xc  Data  Gb  main.o [1]
timeout                 0x2000'1d08    0x2  Data  Gb  porttimer.o [1]
ucHeap                  0x2000'00f0  0xc00  Data  Lc  heap_4.o [1]
ucMBAddress             0x2000'000c    0x1  Data  Lc  mb.o [1]
ucMBSlaveID             0x2000'1cd8   0x20  Data  Lc  mbfuncother.o [1]
ucMaxSysCallPriority    0x2000'00b8    0x1  Data  Lc  port.o [1]
ucRTUBuf                0x2000'1744  0x100  Data  Gb  mbrtu.o [1]
ulMaxPRIGROUPValue      0x2000'00c0    0x4  Data  Lc  port.o [1]
usMBCRC16                0x800'42d5   0x30  Code  Gb  mbcrc.o [1]
usMBSlaveIDLen          0x2000'1cf8    0x2  Data  Lc  mbfuncother.o [1]
usRcvBufferPos          0x2000'1d00    0x2  Data  Lc  mbrtu.o [1]
usSndBufferCount        0x2000'1cfe    0x2  Data  Lc  mbrtu.o [1]
uwTick                  0x2000'00cc    0x4  Data  Gb  stm32f3xx_hal.o [1]
uwTickFreq              0x2000'00c8    0x1  Data  Gb  stm32f3xx_hal.o [1]
uwTickPrio              0x2000'00d0    0x4  Data  Gb  stm32f3xx_hal.o [1]
uxCriticalNesting       0x2000'00bc    0x4  Data  Lc  port.o [1]
uxCurrentNumberOfTasks  0x2000'1948    0x4  Data  Lc  tasks.o [1]
uxDeletedTasksWaitingCleanUp
                        0x2000'1930    0x4  Data  Lc  tasks.o [1]
uxListRemove             0x800'3f95   0x26  Code  Gb  list.o [1]
uxPendedTicks           0x2000'1958    0x4  Data  Lc  tasks.o [1]
uxSchedulerSuspended    0x2000'196c    0x4  Data  Lc  tasks.o [1]
uxTaskNumber            0x2000'1964    0x4  Data  Lc  tasks.o [1]
uxTopReadyPriority      0x2000'1950    0x4  Data  Lc  tasks.o [1]
vApplicationGetIdleTaskMemory
                         0x800'0ee7   0x10  Code  Gb  freertos.o [1]
vListInitialise          0x800'3f29   0x1a  Code  Gb  list.o [1]
vListInitialiseItem      0x800'3f43    0x6  Code  Gb  list.o [1]
vListInsert              0x800'3f63   0x32  Code  Gb  list.o [1]
vListInsertEnd           0x800'3f49   0x1a  Code  Gb  list.o [1]
vMBPortSerialEnable      0x800'41b1   0x30  Code  Gb  portserial.o [1]
vMBPortTimersDisable     0x800'4299    0x6  Code  Gb  porttimer.o [1]
vMBPortTimersEnable      0x800'428d    0xc  Code  Gb  porttimer.o [1]
vPortEnableVFP           0x800'4b1d         Code  Gb  portasm.o [1]
vPortEnterCritical       0x800'40a5   0x32  Code  Gb  port.o [1]
vPortExitCritical        0x800'40d7   0x22  Code  Gb  port.o [1]
vPortFree                0x800'3e87   0x46  Code  Gb  heap_4.o [1]
vPortStartFirstTask      0x800'4afd         Code  Gb  portasm.o [1]
vPortValidateInterruptPriority
                         0x800'4121   0x34  Code  Gb  port.o [1]
vTaskDelay               0x800'2aed   0x2e  Code  Gb  tasks.o [1]
vTaskInternalSetTimeOutState
                         0x800'2de3    0xe  Code  Gb  tasks.o [1]
vTaskMissedYield         0x800'2e57    0xa  Code  Gb  tasks.o [1]
vTaskPlaceOnEventList    0x800'2d49   0x26  Code  Gb  tasks.o [1]
vTaskPriorityDisinheritAfterTimeout
                         0x800'301d   0x88  Code  Gb  tasks.o [1]
vTaskStartScheduler      0x800'2b2b   0x54  Code  Gb  tasks.o [1]
vTaskSuspendAll          0x800'2b87    0xc  Code  Gb  tasks.o [1]
vTaskSwitchContext       0x800'2cf7   0x52  Code  Gb  tasks.o [1]
xBlockAllocatedBit      0x2000'00ec    0x4  Data  Lc  heap_4.o [1]
xDelayedTaskList1       0x2000'1970   0x14  Data  Lc  tasks.o [1]
xDelayedTaskList2       0x2000'1984   0x14  Data  Lc  tasks.o [1]
xEventInQueue           0x2000'1cfb    0x1  Data  Lc  portevent.o [1]
xFreeBytesRemaining     0x2000'00e4    0x4  Data  Lc  heap_4.o [1]
xFuncHandlers           0x2000'0038   0x80  Data  Lc  mb.o [1]
xIdleStack              0x2000'1544  0x200  Data  Lc  freertos.o [1]
xIdleTaskTCBBuffer      0x2000'14f0   0x54  Data  Lc  freertos.o [1]
xMBPortEventGet          0x800'39fb   0x16  Code  Gb  portevent.o [1]
xMBPortEventInit         0x800'39e5    0xa  Code  Gb  portevent.o [1]
xMBPortEventPost         0x800'39ef    0xc  Code  Gb  portevent.o [1]
xMBPortSerialGetByte     0x800'422f    0xe  Code  Gb  portserial.o [1]
xMBPortSerialInit        0x800'41e1   0x36  Code  Gb  portserial.o [1]
xMBPortSerialPutByte     0x800'4217   0x18  Code  Gb  portserial.o [1]
xMBPortTimersInit        0x800'4245   0x48  Code  Gb  porttimer.o [1]
xMBRTUReceiveFSM         0x800'3871   0x52  Code  Gb  mbrtu.o [1]
xMBRTUTimerT35Expired    0x800'3935   0x50  Code  Gb  mbrtu.o [1]
xMBRTUTransmitFSM        0x800'38d1   0x5c  Code  Gb  mbrtu.o [1]
xMinimumEverFreeBytesRemaining
                        0x2000'00e8    0x4  Data  Lc  heap_4.o [1]
xNextTaskUnblockTime    0x2000'1968    0x4  Data  Lc  tasks.o [1]
xNumOfOverflows         0x2000'1960    0x4  Data  Lc  tasks.o [1]
xPendingReadyList       0x2000'18fc   0x14  Data  Lc  tasks.o [1]
xPortStartScheduler      0x800'4001   0xa4  Code  Gb  port.o [1]
xQueueGenericCreate      0x800'323f   0x3e  Code  Gb  queue.o [1]
xQueueGenericCreateStatic
                         0x800'31e1   0x5e  Code  Gb  queue.o [1]
xQueueGenericReset       0x800'3169   0x78  Code  Gb  queue.o [1]
xQueueGenericSend        0x800'3293  0x122  Code  Gb  queue.o [1]
xQueueGiveFromISR        0x800'33bd   0x70  Code  Gb  queue.o [1]
xQueueReceiveFromISR     0x800'35a9   0x82  Code  Gb  queue.o [1]
xQueueSemaphoreTake      0x800'344b  0x128  Code  Gb  queue.o [1]
xSchedulerRunning       0x2000'1954    0x4  Data  Lc  tasks.o [1]
xStart                  0x2000'00d8    0x8  Data  Lc  heap_4.o [1]
xSuspendedTaskList      0x2000'1934   0x14  Data  Lc  tasks.o [1]
xTaskCheckForTimeOut     0x800'2df1   0x66  Code  Gb  tasks.o [1]
xTaskCreate              0x800'2971   0x5c  Code  Gb  tasks.o [1]
xTaskCreateStatic        0x800'2915   0x5c  Code  Gb  tasks.o [1]
xTaskGetSchedulerState   0x800'2eeb   0x18  Code  Gb  tasks.o [1]
xTaskIncrementTick       0x800'2c3b   0xbc  Code  Gb  tasks.o [1]
xTaskPriorityDisinherit
                         0x800'2f85   0x78  Code  Gb  tasks.o [1]
xTaskPriorityInherit     0x800'2f03   0x7c  Code  Gb  tasks.o [1]
xTaskRemoveFromEventList
                         0x800'2d87   0x52  Code  Gb  tasks.o [1]
xTaskResumeAll           0x800'2b93   0x98  Code  Gb  tasks.o [1]
xTasksWaitingTermination
                        0x2000'1910   0x14  Data  Lc  tasks.o [1]
xTickCount              0x2000'194c    0x4  Data  Lc  tasks.o [1]
xYieldPending           0x2000'195c    0x4  Data  Lc  tasks.o [1]


[1] = D:\Radio\Jobe\GP2Y0A02YK0F\f303C_sens\EWARM\f303C_sens\Obj
[2] = dl7M_tlf.a
[3] = m7M_tls.a
[4] = rt7M_tl.a
[5] = shb_l.a

  20'951 bytes of readonly  code memory
     872 bytes of readonly  data memory
  23'820 bytes of readwrite data memory

Errors: none
Warnings: none
